V/CurrentReads( 1843): [537]    2016-06-01T01:29:03.000Z
V/CurrentReads( 1843): [538]    2016-06-01T01:29:03.000Z
V/CurrentReads( 1843): [539]    2016-06-01T01:29:03.000Z
V/CurrentReads( 1843): [540]    2016-06-01T01:29:03.000Z
V/CurrentReads( 1843): [541]    2016-06-01T01:29:03.000Z
V/CurrentReads( 1843): [542]    2016-06-01T01:29:03.000Z
V/CurrentReads( 1843): [543]    2016-06-01T01:29:03.000Z
V/CurrentReads( 1843): [544]    2016-06-01T01:29:03.000Z
V/CurrentReads( 1843): [545]    2016-06-01T01:29:03.000Z
V/CurrentReads( 1843): [546]    2016-06-01T01:29:02.000Z
V/CurrentReads( 1843): [547]    2016-06-01T01:29:02.000Z
V/CurrentReads( 1843): [548]    2016-06-01T01:29:02.000Z
V/CurrentReads( 1843): [549]    2016-06-01T01:29:02.000Z
V/CurrentReads( 1843): [550]    2016-06-01T01:29:02.000Z
V/CurrentReads( 1843): [551]    2016-06-01T01:29:02.000Z
V/CurrentReads( 1843): [552]    2016-06-01T01:29:02.000Z
V/CurrentReads( 1843): [553]    2016-06-01T01:29:02.000Z
V/CurrentReads( 1843): [554]    2016-06-01T01:29:02.000Z
V/CurrentReads( 1843): [555]    2016-06-01T01:29:02.000Z
V/CurrentReads( 1843): [556]    2016-06-01T01:29:02.000Z
V/CurrentReads( 1843): [557]    2016-06-01T01:29:02.000Z
V/CurrentReads( 1843): [558]    2016-06-01T01:29:02.000Z
V/CurrentReads( 1843): [559]    2016-06-01T01:29:02.000Z
V/CurrentReads( 1843): [560]    2016-06-01T01:29:00.000Z
V/CurrentReads( 1843): [561]    2016-06-01T01:29:00.000Z
V/CurrentReads( 1843): [562]    2016-06-01T01:29:00.000Z
V/CurrentReads( 1843): [563]    2016-06-01T01:29:00.000Z
V/CurrentReads( 1843): [564]    2016-06-01T01:29:00.000Z
V/CurrentReads( 1843): [565]    2016-06-01T01:28:59.000Z
V/CurrentReads( 1843): [566]    2016-06-01T01:28:59.000Z
V/CurrentReads( 1843): [567]    2016-06-01T01:28:59.000Z
V/CurrentReads( 1843): [568]    2016-06-01T01:28:59.000Z
V/CurrentReads( 1843): [569]    2016-06-01T01:28:59.000Z
V/CurrentReads( 1843): [570]    2016-06-01T01:28:59.000Z
V/CurrentReads( 1843): [571]    2016-06-01T01:28:59.000Z
V/CurrentReads( 1843): [572]    2016-06-01T01:28:59.000Z
V/CurrentReads( 1843): [573]    2016-06-01T01:28:59.000Z
V/CurrentReads( 1843): [574]    2016-06-01T01:28:59.000Z
V/CurrentReads( 1843): [575]    2016-06-01T01:28:58.000Z
V/CurrentReads( 1843): [576]    2016-06-01T01:28:58.000Z
V/CurrentReads( 1843): [577]    2016-06-01T01:28:58.000Z
V/CurrentReads( 1843): [578]    2016-06-01T01:28:58.000Z
V/CurrentReads( 1843): [579]    2016-06-01T01:28:58.000Z
V/CurrentReads( 1843): [580]    2016-06-01T01:28:58.000Z
V/CurrentReads( 1843): [581]    2016-06-01T01:28:58.000Z
V/CurrentReads( 1843): [582]    2016-06-01T01:28:58.000Z
V/CurrentReads( 1843): [583]    2016-06-01T01:28:58.000Z
V/CurrentReads( 1843): [584]    2016-06-01T01:28:58.000Z
V/CurrentReads( 1843): [585]    2016-06-01T01:28:58.000Z
V/CurrentReads( 1843): [586]    2016-06-01T01:28:58.000Z
V/CurrentReads( 1843): [587]    2016-06-01T01:28:58.000Z
V/CurrentReads( 1843): [588]    2016-06-01T01:28:58.000Z
V/CurrentReads( 1843): [589]    2016-06-01T01:28:58.000Z
V/CurrentReads( 1843): [590]    2016-06-01T01:28:57.000Z
V/CurrentReads( 1843): [591]    2016-06-01T01:28:57.000Z
V/CurrentReads( 1843): [592]    2016-06-01T01:28:57.000Z
V/CurrentReads( 1843): [593]    2016-06-01T01:28:57.000Z
V/CurrentReads( 1843): [594]    2016-06-01T01:28:57.000Z
V/CurrentReads( 1843): [595]    2016-06-01T01:28:57.000Z
V/CurrentReads( 1843): [596]    2016-06-01T01:28:57.000Z
V/CurrentReads( 1843): [597]    2016-06-01T01:28:57.000Z
V/CurrentReads( 1843): [598]    2016-06-01T01:28:57.000Z
V/CurrentReads( 1843): [599]    2016-06-01T01:28:57.000Z
V/CurrentReads( 1843): [600]    2016-06-01T01:28:55.000Z
V/CurrentReads( 1843): [601]    2016-06-01T01:28:55.000Z
V/CurrentReads( 1843): [602]    2016-06-01T01:28:55.000Z
V/CurrentReads( 1843): [603]    2016-06-01T01:28:55.000Z
V/CurrentReads( 1843): [604]    2016-06-01T01:28:55.000Z
V/CurrentReads( 1843): [605]    2016-06-01T01:28:55.000Z
V/CurrentReads( 1843): [606]    2016-06-01T01:28:55.000Z
V/CurrentReads( 1843): [607]    2016-06-01T01:28:55.000Z
V/CurrentReads( 1843): [608]    2016-06-01T01:28:55.000Z
V/CurrentReads( 1843): [609]    2016-06-01T01:28:55.000Z
V/CurrentReads( 1843): [610]    2016-06-01T01:28:55.000Z
V/CurrentReads( 1843): [611]    2016-06-01T01:28:55.000Z
V/CurrentReads( 1843): [612]    2016-06-01T01:28:54.000Z
V/CurrentReads( 1843): [613]    2016-06-01T01:28:54.000Z
V/CurrentReads( 1843): [614]    2016-06-01T01:28:54.000Z
V/CurrentReads( 1843): [615]    2016-06-01T01:28:54.000Z
V/CurrentReads( 1843): [616]    2016-06-01T01:28:54.000Z
V/CurrentReads( 1843): [617]    2016-06-01T01:28:54.000Z
V/CurrentReads( 1843): [618]    2016-06-01T01:28:54.000Z
V/CurrentReads( 1843): [619]    2016-06-01T01:28:54.000Z
V/CurrentReads( 1843): [620]    2016-06-01T01:28:54.000Z
V/CurrentReads( 1843): [621]    2016-06-01T01:28:53.000Z
V/CurrentReads( 1843): [622]    2016-06-01T01:28:53.000Z
V/CurrentReads( 1843): [623]    2016-06-01T01:28:53.000Z
V/CurrentReads( 1843): [624]    2016-06-01T01:28:53.000Z
V/CurrentReads( 1843): [625]    2016-06-01T01:28:53.000Z
V/CurrentReads( 1843): [626]    2016-06-01T01:28:53.000Z
V/CurrentReads( 1843): [627]    2016-06-01T01:28:53.000Z
V/CurrentReads( 1843): [628]    2016-06-01T01:28:53.000Z
V/CurrentReads( 1843): [629]    2016-06-01T01:28:53.000Z
V/CurrentReads( 1843): [630]    2016-06-01T01:28:53.000Z
V/CurrentReads( 1843): [631]    2016-06-01T01:28:53.000Z
V/CurrentReads( 1843): [632]    2016-06-01T01:28:53.000Z
V/CurrentReads( 1843): [633]    2016-06-01T01:28:53.000Z
V/CurrentReads( 1843): [634]    2016-06-01T01:28:52.000Z
V/CurrentReads( 1843): [635]    2016-06-01T01:28:52.000Z
V/CurrentReads( 1843): [636]    2016-06-01T01:28:52.000Z
V/CurrentReads( 1843): [637]    2016-06-01T01:28:52.000Z
V/CurrentReads( 1843): [638]    2016-06-01T01:28:52.000Z
V/CurrentReads( 1843): [639]    2016-06-01T01:28:52.000Z
V/CurrentReads( 1843): [640]    2016-06-01T01:28:52.000Z
V/CurrentReads( 1843): [641]    2016-06-01T01:28:52.000Z
V/CurrentReads( 1843): [642]    2016-06-01T01:28:52.000Z
V/CurrentReads( 1843): [643]    2016-06-01T01:28:51.000Z
V/CurrentReads( 1843): [644]    2016-06-01T01:28:51.000Z
V/CurrentReads( 1843): [645]    2016-06-01T01:28:51.000Z
V/CurrentReads( 1843): [646]    2016-06-01T01:28:51.000Z
V/CurrentReads( 1843): [647]    2016-06-01T01:28:51.000Z
V/CurrentReads( 1843): [648]    2016-06-01T01:28:51.000Z
V/CurrentReads( 1843): [649]    2016-06-01T01:28:51.000Z
V/CurrentReads( 1843): [650]    2016-06-01T01:28:51.000Z
V/CurrentReads( 1843): [651]    2016-06-01T01:28:51.000Z
V/CurrentReads( 1843): [652]    2016-06-01T01:28:51.000Z
V/CurrentReads( 1843): [653]    2016-06-01T01:28:51.000Z
V/CurrentReads( 1843): [654]    2016-06-01T01:28:51.000Z
V/CurrentReads( 1843): [655]    2016-06-01T01:28:51.000Z
V/CurrentReads( 1843): [656]    2016-06-01T01:28:51.000Z
V/CurrentReads( 1843): [657]    2016-06-01T01:28:51.000Z
V/CurrentReads( 1843): [658]    2016-06-01T01:28:51.000Z
V/CurrentReads( 1843): [659]    2016-06-01T01:28:51.000Z
V/CurrentReads( 1843): [660]    2016-06-01T01:28:51.000Z
V/CurrentReads( 1843): [661]    2016-06-01T01:28:50.000Z
V/CurrentReads( 1843): [662]    2016-06-01T01:28:50.000Z
V/CurrentReads( 1843): [663]    2016-06-01T01:28:50.000Z
V/CurrentReads( 1843): [664]    2016-06-01T01:28:50.000Z
V/CurrentReads( 1843): [665]    2016-06-01T01:28:50.000Z
V/CurrentReads( 1843): [666]    2016-06-01T01:28:50.000Z
V/CurrentReads( 1843): [667]    2016-06-01T01:28:50.000Z
V/CurrentReads( 1843): [668]    2016-06-01T01:28:50.000Z
V/CurrentReads( 1843): [669]    2016-06-01T01:28:50.000Z
V/CurrentReads( 1843): [670]    2016-06-01T01:28:50.000Z
V/CurrentReads( 1843): [671]    2016-06-01T01:28:50.000Z
V/CurrentReads( 1843): [672]    2016-06-01T01:28:50.000Z
V/CurrentReads( 1843): [673]    2016-06-01T01:28:50.000Z
V/CurrentReads( 1843): [674]    2016-06-01T01:28:49.000Z
V/CurrentReads( 1843): [675]    2016-06-01T01:28:49.000Z
V/CurrentReads( 1843): [676]    2016-06-01T01:28:49.000Z
V/CurrentReads( 1843): [677]    2016-06-01T01:28:49.000Z
V/CurrentReads( 1843): [678]    2016-06-01T01:28:49.000Z
V/CurrentReads( 1843): [679]    2016-06-01T01:28:48.000Z
V/CurrentReads( 1843): [680]    2016-06-01T01:28:48.000Z
V/CurrentReads( 1843): [681]    2016-06-01T01:28:48.000Z
V/CurrentReads( 1843): [682]    2016-06-01T01:28:48.000Z
V/CurrentReads( 1843): [683]    2016-06-01T01:28:48.000Z
V/CurrentReads( 1843): [684]    2016-06-01T01:28:47.000Z
V/CurrentReads( 1843): [685]    2016-06-01T01:28:47.000Z
V/CurrentReads( 1843): [686]    2016-06-01T01:28:47.000Z
V/CurrentReads( 1843): [687]    2016-06-01T01:28:47.000Z
V/CurrentReads( 1843): [688]    2016-06-01T01:28:47.000Z
V/CurrentReads( 1843): [689]    2016-06-01T01:28:47.000Z
V/CurrentReads( 1843): [690]    2016-06-01T01:28:47.000Z
V/CurrentReads( 1843): [691]    2016-06-01T01:28:47.000Z
V/CurrentReads( 1843): [692]    2016-06-01T01:28:47.000Z
V/CurrentReads( 1843): [693]    2016-06-01T01:28:47.000Z
V/CurrentReads( 1843): [694]    2016-06-01T01:28:46.000Z
V/CurrentReads( 1843): [695]    2016-06-01T01:28:46.000Z
V/CurrentReads( 1843): [696]    2016-06-01T01:28:46.000Z
V/CurrentReads( 1843): [697]    2016-06-01T01:28:46.000Z
V/CurrentReads( 1843): [698]    2016-05-30T19:09:36.000Z
V/CurrentReads( 1843): [699]    2016-05-30T19:09:36.000Z
V/CurrentReads( 1843): [700]    2016-05-30T19:09:36.000Z
V/CurrentReads( 1843): [701]    2016-05-30T19:09:29.000Z
V/CurrentReads( 1843): [702]    2016-05-30T19:09:28.000Z
V/CurrentReads( 1843): [703]    2016-05-30T19:09:28.000Z
V/CurrentReads( 1843): [704]    2016-05-30T19:09:28.000Z
V/CurrentReads( 1843): [705]    2016-05-30T19:09:28.000Z
V/CurrentReads( 1843): [706]    2016-05-30T19:09:28.000Z
V/CurrentReads( 1843): [707]    2016-05-30T19:09:27.000Z
V/CurrentReads( 1843): [708]    2016-05-30T19:09:27.000Z
V/CurrentReads( 1843): [709]    2016-05-30T19:09:27.000Z
V/CurrentReads( 1843): [710]    2016-05-30T19:09:24.000Z
V/CurrentReads( 1843): [711]    2016-05-30T19:09:24.000Z
V/CurrentReads( 1843): [712]    2016-05-30T19:09:24.000Z
V/CurrentReads( 1843): [713]    2016-05-30T19:09:24.000Z
V/CurrentReads( 1843): [714]    2016-05-30T19:09:24.000Z
V/CurrentReads( 1843): [715]    2016-05-30T19:09:24.000Z
V/CurrentReads( 1843): [716]    2016-05-30T19:09:24.000Z
V/CurrentReads( 1843): [717]    2016-05-30T19:09:24.000Z
V/CurrentReads( 1843): [718]    2016-05-30T19:09:24.000Z
V/CurrentReads( 1843): [719]    2016-05-30T19:09:24.000Z
V/CurrentReads( 1843): [720]    2016-05-30T19:09:23.000Z
V/CurrentReads( 1843): [721]    2016-05-30T19:09:23.000Z
V/CurrentReads( 1843): [722]    2016-05-30T19:09:23.000Z
V/CurrentReads( 1843): [723]    2016-05-30T19:09:22.000Z
V/CurrentReads( 1843): [724]    2016-05-30T19:09:22.000Z
V/CurrentReads( 1843): [725]    2016-05-30T19:09:21.000Z
V/CurrentReads( 1843): [726]    2016-05-30T19:09:21.000Z
V/CurrentReads( 1843): [727]    2016-05-30T19:09:21.000Z
V/CurrentReads( 1843): [728]    2016-05-30T19:09:20.000Z
V/CurrentReads( 1843): [729]    2016-05-30T19:09:19.000Z
V/CurrentReads( 1843): [730]    2016-05-30T19:09:19.000Z
V/CurrentReads( 1843): [731]    2016-05-30T19:09:19.000Z
V/CurrentReads( 1843): [732]    2016-05-30T19:09:17.000Z
V/CurrentReads( 1843): [733]    2016-05-30T19:09:17.000Z
V/CurrentReads( 1843): [734]    2016-05-30T19:09:15.000Z
V/CurrentReads( 1843): [735]    2016-05-30T19:09:15.000Z
V/CurrentReads( 1843): [736]    2016-05-30T19:09:15.000Z
V/CurrentReads( 1843): [737]    2016-05-30T19:09:15.000Z
V/CurrentReads( 1843): [738]    2016-05-30T19:09:15.000Z
V/CurrentReads( 1843): [739]    2016-05-30T19:09:15.000Z
V/CurrentReads( 1843): [740]    2016-05-30T19:09:14.000Z
V/CurrentReads( 1843): [741]    2016-05-30T19:09:14.000Z
V/CurrentReads( 1843): [742]    2016-05-30T19:09:13.000Z
V/CurrentReads( 1843): [743]    2016-05-30T19:09:13.000Z
V/CurrentReads( 1843): [744]    2016-05-30T19:09:13.000Z
V/CurrentReads( 1843): [745]    2016-05-30T19:09:13.000Z
V/CurrentReads( 1843): [746]    2016-05-30T19:09:13.000Z
V/CurrentReads( 1843): [747]    2016-05-30T19:09:13.000Z
V/CurrentReads( 1843): [748]    2016-05-30T19:09:13.000Z
V/CurrentReads( 1843): [749]    2016-05-30T19:09:13.000Z
V/CurrentReads( 1843): [750]    2016-05-30T19:09:12.000Z
V/CurrentReads( 1843): [751]    2016-05-30T19:09:12.000Z
V/CurrentReads( 1843): [752]    2016-05-30T19:09:11.000Z
V/CurrentReads( 1843): [753]    2016-05-30T19:09:11.000Z
V/CurrentReads( 1843): [754]    2016-05-30T19:09:11.000Z
V/CurrentReads( 1843): [755]    2016-05-30T19:09:11.000Z
V/CurrentReads( 1843): [756]    2016-05-30T19:09:10.000Z
V/CurrentReads( 1843): [757]    2016-05-30T19:09:09.000Z
V/CurrentReads( 1843): [758]    2016-05-30T19:09:09.000Z
V/CurrentReads( 1843): [759]    2016-05-30T19:09:09.000Z
V/CurrentReads( 1843): [760]    2016-05-30T19:09:08.000Z
V/CurrentReads( 1843): [761]    2016-05-30T19:09:08.000Z
W/genymotion_audio(  128): out_write() limiting sleep time 58049 to 23219
V/CurrentReads( 1843): [762]    2016-05-30T19:09:08.000Z
V/CurrentReads( 1843): [763]    2016-05-30T19:09:08.000Z
V/CurrentReads( 1843): [764]    2016-05-30T19:09:08.000Z
V/CurrentReads( 1843): [765]    2016-05-30T19:09:08.000Z
V/CurrentReads( 1843): [766]    2016-05-30T19:09:07.000Z
V/CurrentReads( 1843): [767]    2016-05-30T19:09:07.000Z
V/CurrentReads( 1843): [768]    2016-05-30T19:09:07.000Z
V/CurrentReads( 1843): [769]    2016-05-30T19:09:06.000Z
V/CurrentReads( 1843): [770]    2016-05-30T19:09:06.000Z
V/CurrentReads( 1843): [771]    2016-05-30T19:09:06.000Z
V/CurrentReads( 1843): [772]    2016-05-30T19:09:06.000Z
V/CurrentReads( 1843): [773]    2016-05-30T19:09:04.000Z
V/CurrentReads( 1843): [774]    2016-05-30T19:09:03.000Z
V/CurrentReads( 1843): [775]    2016-05-30T19:09:03.000Z
V/CurrentReads( 1843): [776]    2016-05-30T19:09:03.000Z
V/CurrentReads( 1843): [777]    2016-05-30T19:09:01.000Z
V/CurrentReads( 1843): [778]    2016-05-30T19:09:01.000Z
V/CurrentReads( 1843): [779]    2016-05-30T19:09:01.000Z
V/CurrentReads( 1843): [780]    2016-05-30T19:09:01.000Z
V/CurrentReads( 1843): [781]    2016-05-30T19:09:00.000Z
V/CurrentReads( 1843): [782]    2016-05-30T19:09:00.000Z
V/CurrentReads( 1843): [783]    2016-05-30T19:08:59.000Z
V/CurrentReads( 1843): [784]    2016-05-30T19:08:59.000Z
V/CurrentReads( 1843): [785]    2016-05-30T19:08:58.000Z
V/CurrentReads( 1843): [786]    2016-05-30T19:08:58.000Z
V/CurrentReads( 1843): [787]    2016-05-30T19:08:58.000Z
V/CurrentReads( 1843): [788]    2016-05-30T19:08:57.000Z
V/CurrentReads( 1843): [789]    2016-05-30T19:08:57.000Z
V/CurrentReads( 1843): [790]    2016-05-30T19:08:57.000Z
V/CurrentReads( 1843): [791]    2016-05-30T19:08:57.000Z
V/CurrentReads( 1843): [792]    2016-05-30T19:08:55.000Z
V/CurrentReads( 1843): [793]    2016-05-30T19:08:55.000Z
V/CurrentReads( 1843): [794]    2016-05-30T19:08:55.000Z
V/CurrentReads( 1843): [795]    2016-05-30T19:08:54.000Z
V/CurrentReads( 1843): [796]    2016-05-30T19:08:54.000Z
V/CurrentReads( 1843): [797]    2016-05-30T19:08:54.000Z
V/CurrentReads( 1843): [798]    2016-05-30T19:08:52.000Z
V/CurrentReads( 1843): [799]    2016-05-30T19:08:52.000Z
V/CurrentReads( 1843): [800]    2016-05-30T19:08:52.000Z
V/CurrentReads( 1843): [801]    2016-05-30T19:08:52.000Z
V/CurrentReads( 1843): [802]    2016-05-30T19:08:52.000Z
V/CurrentReads( 1843): [803]    2016-05-30T19:08:52.000Z
V/CurrentReads( 1843): [804]    2016-05-30T19:08:52.000Z
V/CurrentReads( 1843): [805]    2016-05-30T19:08:51.000Z
V/CurrentReads( 1843): [806]    2016-05-30T19:08:50.000Z
V/CurrentReads( 1843): [807]    2016-05-30T19:08:50.000Z
V/CurrentReads( 1843): [808]    2016-05-30T19:08:50.000Z
V/CurrentReads( 1843): [809]    2016-05-30T19:08:50.000Z
V/CurrentReads( 1843): [810]    2016-05-30T19:08:49.000Z
V/CurrentReads( 1843): [811]    2016-05-30T19:08:49.000Z
V/CurrentReads( 1843): [812]    2016-05-30T19:08:49.000Z
V/CurrentReads( 1843): [813]    2016-05-30T19:08:48.000Z
V/CurrentReads( 1843): [814]    2016-05-30T19:08:48.000Z
V/CurrentReads( 1843): [815]    2016-05-30T19:08:47.000Z
V/CurrentReads( 1843): [816]    2016-05-30T19:08:47.000Z
V/CurrentReads( 1843): [817]    2016-05-30T19:08:45.000Z
V/CurrentReads( 1843): [818]    2016-05-30T19:08:45.000Z
V/CurrentReads( 1843): [819]    2016-05-30T19:08:45.000Z
V/CurrentReads( 1843): [820]    2016-05-30T19:08:45.000Z
V/CurrentReads( 1843): [821]    2016-05-30T19:08:43.000Z
V/CurrentReads( 1843): [822]    2016-05-30T19:08:43.000Z
V/CurrentReads( 1843): [823]    2016-05-30T19:08:43.000Z
V/CurrentReads( 1843): [824]    2016-05-30T19:08:40.000Z
V/CurrentReads( 1843): [825]    2016-05-30T19:08:39.000Z
V/CurrentReads( 1843): [826]    2016-05-30T19:08:39.000Z
V/CurrentReads( 1843): [827]    2016-05-30T19:08:39.000Z
V/CurrentReads( 1843): [828]    2016-05-30T19:08:37.000Z
V/CurrentReads( 1843): [829]    2016-05-30T19:08:37.000Z
V/CurrentReads( 1843): [830]    2016-05-30T19:08:37.000Z
V/CurrentReads( 1843): [831]    2016-05-30T19:08:37.000Z
V/CurrentReads( 1843): [832]    2016-05-30T19:08:34.000Z
V/CurrentReads( 1843): [833]    2016-05-30T19:08:34.000Z
V/CurrentReads( 1843): [834]    2016-05-30T19:08:33.000Z
V/CurrentReads( 1843): [835]    2016-05-30T19:08:33.000Z
V/CurrentReads( 1843): [836]    2016-05-30T19:08:32.000Z
V/CurrentReads( 1843): [837]    2016-05-30T19:08:32.000Z
V/CurrentReads( 1843): [838]    2016-05-30T19:08:29.000Z
V/CurrentReads( 1843): [839]    2016-05-30T19:08:29.000Z
V/CurrentReads( 1843): [840]    2016-05-30T19:08:29.000Z
V/CurrentReads( 1843): [841]    2016-05-30T19:08:26.000Z
V/CurrentReads( 1843): [842]    2016-05-30T19:08:26.000Z
V/CurrentReads( 1843): [843]    2016-05-30T19:08:24.000Z
V/CurrentReads( 1843): [844]    2016-05-30T19:08:24.000Z
V/CurrentReads( 1843): [845]    2016-05-30T19:08:24.000Z
V/CurrentReads( 1843): [846]    2016-05-30T19:08:24.000Z
V/CurrentReads( 1843): [847]    2016-05-30T19:08:20.000Z
V/CurrentReads( 1843): [848]    2016-05-30T19:08:20.000Z
V/CurrentReads( 1843): [849]    2016-05-30T19:08:20.000Z
V/CurrentReads( 1843): [850]    2016-05-30T19:08:14.000Z
V/CurrentReads( 1843): [851]    2016-05-30T19:08:14.000Z
V/CurrentReads( 1843): [852]    2016-05-30T19:08:14.000Z
D/Genymotion(   58): Received Ping
V/CurrentReads( 1843): [853]    2016-05-30T19:08:11.000Z
D/dalvikvm(  381): GC_FOR_ALLOC freed 1087K, 33% free 13813K/20512K, paused 69ms, total 79ms
V/CurrentReads( 1843): [854]    2016-05-30T19:08:11.000Z
V/CurrentReads( 1843): [855]    2016-05-30T19:08:11.000Z
V/CurrentReads( 1843): [---]
V/CurrentReads( 1843): [856]    2016-05-25T17:55:01.000Z
V/CurrentReads( 1843): [857]    2015-12-04T20:59:02.000Z
V/CurrentReads( 1843): } // End Date Last Read Times
D/CurrentReads( 1843): Active  current reads: 856
E/DictionaryHelper( 1843): checkDictionaryInAssetsDir failed: dictionary/en/dictionary.zip
D/dalvikvm( 1843): GC_EXPLICIT freed 1150K, 22% free 31446K/39824K, paused 3ms+9ms, total 62ms
D/CurrentReads( 1843): New cut-off time: 2016-07-08T14:48:25.000Z
D/CurrentReads( 1843): -----------------------
D/AlertService( 2146): Beginning updateAlertNotification
D/AlertService( 2146): No fired or scheduled alerts
D/AlertService( 2146): Scheduling next alarm with AlarmScheduler. sEventReminderReceived: null
D/AlarmScheduler( 2146): No events found starting within 1 week.
E/pix     ( 1843): 40 19 760
D/REQUEST END( 1843): TabRequest 1094
D/END PARSE SAX( 1843): 68
D/dalvikvm( 1843): GC_FOR_ALLOC freed 6078K, 27% free 29336K/39824K, paused 37ms, total 38ms
E/pix     ( 1843): 55 27 1485
D/dalvikvm( 1843): GC_FOR_ALLOC freed 2050K, 23% free 30995K/39824K, paused 35ms, total 35ms
D/Genymotion(   58): Received Ping
I/Library Sync( 1843): total time: 8017, books processed: 2, magazines processed: 1, library size: 3
D/dalvikvm( 1843): GC_CONCURRENT freed 5144K, 17% free 33273K/39824K, paused 10ms+2ms, total 79ms
D/dalvikvm( 1843): WAIT_FOR_CONCURRENT_GC blocked 24ms
D/dalvikvm( 1843): WAIT_FOR_CONCURRENT_GC blocked 33ms
D/dalvikvm( 1843): WAIT_FOR_CONCURRENT_GC blocked 33ms
D/dalvikvm( 1843): WAIT_FOR_CONCURRENT_GC blocked 26ms
D/dalvikvm( 1843): WAIT_FOR_CONCURRENT_GC blocked 26ms
D/dalvikvm( 1843): WAIT_FOR_CONCURRENT_GC blocked 26ms
D/Library Sync( 1843): Syncing User Profile post library sync - forced: true
I/ActivityManager(  381): START u0 {cmp=com.kobobooks.android/.screens.BlueFTEActivity (has extras)} from pid 1843
D/dalvikvm(  381): GC_FOR_ALLOC freed 757K, 30% free 14173K/20140K, paused 27ms, total 29ms
D/dalvikvm(  381): GC_FOR_ALLOC freed 762K, 32% free 13782K/20140K, paused 23ms, total 24ms
W/EGL_genymotion( 1843): eglSurfaceAttrib not implemented
I/ActivityManager(  381): Displayed com.kobobooks.android/.screens.BlueFTEActivity: +118ms
D/CurrentReads( 1843): Possible current reads: 858, limit: 3, decayTime: 2016-05-27T18:29:39.051Z, first decay position: 856 (zero-based)
V/CurrentReads( 1843): Date Last Read Times: {
V/CurrentReads( 1843): [000]    2016-07-08T18:12:03.000Z
W/GA-SERVICE(  595): Thread[Thread-143,5,main]:  Using destination https://ssl.google-analytics.com/collect
V/CurrentReads( 1843): [001]    2016-07-08T14:48:25.000Z
V/CurrentReads( 1843): [002]    2016-07-08T14:48:25.000Z
V/CurrentReads( 1843): [003]    2016-07-08T14:48:25.000Z
V/CurrentReads( 1843): [004]    2016-07-08T14:48:24.000Z
V/CurrentReads( 1843): [005]    2016-07-08T14:48:24.000Z
V/CurrentReads( 1843): [006]    2016-07-08T14:48:24.000Z
V/CurrentReads( 1843): [007]    2016-07-08T14:48:24.000Z
V/CurrentReads( 1843): [008]    2016-07-08T14:48:23.000Z
V/CurrentReads( 1843): [009]    2016-07-08T14:48:23.000Z
V/CurrentReads( 1843): [010]    2016-07-08T14:48:23.000Z
I/qtaguid ( 1843): Failed write_ctrl(u 51) res=-1 errno=22
I/qtaguid ( 1843): Untagging socket 51 failed errno=-22
W/NetworkManagementSocketTagger( 1843): untagSocket(51) failed with errno -22
V/CurrentReads( 1843): [011]    2016-07-08T14:48:23.000Z
V/CurrentReads( 1843): [012]    2016-07-08T14:48:23.000Z
V/CurrentReads( 1843): [013]    2016-07-08T14:48:23.000Z
V/CurrentReads( 1843): [014]    2016-07-08T14:48:23.000Z
V/CurrentReads( 1843): [015]    2016-07-08T14:48:23.000Z
V/CurrentReads( 1843): [016]    2016-07-08T14:48:22.000Z
V/CurrentReads( 1843): [017]    2016-07-08T14:48:22.000Z
V/CurrentReads( 1843): [018]    2016-07-08T14:48:22.000Z
V/CurrentReads( 1843): [019]    2016-07-08T14:48:22.000Z
V/CurrentReads( 1843): [020]    2016-07-08T14:48:22.000Z
V/CurrentReads( 1843): [021]    2016-07-08T14:48:21.000Z
V/CurrentReads( 1843): [022]    2016-07-08T14:48:21.000Z
V/CurrentReads( 1843): [023]    2016-07-08T14:48:21.000Z
V/CurrentReads( 1843): [024]    2016-07-08T14:48:21.000Z
V/CurrentReads( 1843): [025]    2016-07-08T14:48:20.000Z
V/CurrentReads( 1843): [026]    2016-07-08T14:48:19.000Z
V/CurrentReads( 1843): [027]    2016-07-08T14:48:19.000Z
V/CurrentReads( 1843): [028]    2016-07-08T14:48:19.000Z
V/CurrentReads( 1843): [029]    2016-07-08T14:48:18.000Z
V/CurrentReads( 1843): [030]    2016-07-08T14:48:18.000Z
V/CurrentReads( 1843): [031]    2016-07-08T14:48:18.000Z
V/CurrentReads( 1843): [032]    2016-07-08T14:48:18.000Z
V/CurrentReads( 1843): [033]    2016-07-08T14:48:18.000Z
V/CurrentReads( 1843): [034]    2016-07-08T14:48:18.000Z
V/CurrentReads( 1843): [035]    2016-07-08T14:48:18.000Z
V/CurrentReads( 1843): [036]    2016-07-08T14:48:18.000Z
V/CurrentReads( 1843): [037]    2016-07-08T14:48:17.000Z
V/CurrentReads( 1843): [038]    2016-07-08T14:48:17.000Z
V/CurrentReads( 1843): [039]    2016-07-08T14:48:17.000Z
V/CurrentReads( 1843): [040]    2016-07-08T14:48:17.000Z
V/CurrentReads( 1843): [041]    2016-07-08T14:48:16.000Z
V/CurrentReads( 1843): [042]    2016-07-08T14:48:16.000Z
V/CurrentReads( 1843): [043]    2016-07-08T14:48:16.000Z
V/CurrentReads( 1843): [044]    2016-07-08T14:48:16.000Z
V/CurrentReads( 1843): [045]    2016-07-08T14:48:16.000Z
V/CurrentReads( 1843): [046]    2016-07-08T14:48:16.000Z
V/CurrentReads( 1843): [047]    2016-07-08T14:48:16.000Z
V/CurrentReads( 1843): [048]    2016-07-08T14:48:16.000Z
V/CurrentReads( 1843): [049]    2016-07-08T14:48:15.000Z
V/CurrentReads( 1843): [050]    2016-07-08T14:48:15.000Z
V/CurrentReads( 1843): [051]    2016-07-08T14:48:15.000Z
V/CurrentReads( 1843): [052]    2016-07-08T14:48:15.000Z
V/CurrentReads( 1843): [053]    2016-07-08T14:48:15.000Z
V/CurrentReads( 1843): [054]    2016-07-08T14:48:15.000Z
V/CurrentReads( 1843): [055]    2016-07-08T14:48:15.000Z
V/CurrentReads( 1843): [056]    2016-07-08T14:48:15.000Z
V/CurrentReads( 1843): [057]    2016-07-08T14:48:14.000Z
V/CurrentReads( 1843): [058]    2016-07-08T14:48:14.000Z
V/CurrentReads( 1843): [059]    2016-07-08T14:48:14.000Z
V/CurrentReads( 1843): [060]    2016-07-08T14:48:13.000Z
V/CurrentReads( 1843): [061]    2016-07-08T14:48:13.000Z
V/CurrentReads( 1843): [062]    2016-07-08T14:48:13.000Z
V/CurrentReads( 1843): [063]    2016-07-08T14:48:13.000Z
V/CurrentReads( 1843): [064]    2016-07-08T14:48:12.000Z
V/CurrentReads( 1843): [065]    2016-07-08T14:48:12.000Z
V/CurrentReads( 1843): [066]    2016-07-08T14:48:12.000Z
V/CurrentReads( 1843): [067]    2016-07-08T14:48:12.000Z
V/CurrentReads( 1843): [068]    2016-07-08T14:48:11.000Z
V/CurrentReads( 1843): [069]    2016-07-08T14:48:11.000Z
V/CurrentReads( 1843): [070]    2016-07-08T14:48:11.000Z
V/CurrentReads( 1843): [071]    2016-07-08T14:48:11.000Z
V/CurrentReads( 1843): [072]    2016-07-08T14:48:11.000Z
V/CurrentReads( 1843): [073]    2016-07-08T14:48:11.000Z
V/CurrentReads( 1843): [074]    2016-07-08T14:48:11.000Z
V/CurrentReads( 1843): [075]    2016-07-08T14:48:10.000Z
V/CurrentReads( 1843): [076]    2016-07-08T14:48:10.000Z
V/CurrentReads( 1843): [077]    2016-07-08T14:48:10.000Z
V/CurrentReads( 1843): [078]    2016-07-08T14:48:10.000Z
V/CurrentReads( 1843): [079]    2016-07-08T14:48:10.000Z
V/CurrentReads( 1843): [080]    2016-07-08T14:48:10.000Z
V/CurrentReads( 1843): [081]    2016-07-08T14:48:10.000Z
V/CurrentReads( 1843): [082]    2016-07-08T14:48:10.000Z
V/CurrentReads( 1843): [083]    2016-07-08T14:48:10.000Z
V/CurrentReads( 1843): [084]    2016-07-08T14:48:10.000Z
V/CurrentReads( 1843): [085]    2016-07-08T14:48:09.000Z
V/CurrentReads( 1843): [086]    2016-07-08T14:48:09.000Z
V/CurrentReads( 1843): [087]    2016-07-08T14:48:09.000Z
V/CurrentReads( 1843): [088]    2016-07-08T14:48:09.000Z
V/CurrentReads( 1843): [089]    2016-07-08T14:48:09.000Z
V/CurrentReads( 1843): [090]    2016-07-08T14:48:09.000Z
V/CurrentReads( 1843): [091]    2016-07-08T14:48:08.000Z
V/CurrentReads( 1843): [092]    2016-07-08T14:48:08.000Z
V/CurrentReads( 1843): [093]    2016-07-08T14:48:08.000Z
V/CurrentReads( 1843): [094]    2016-07-08T14:48:08.000Z
V/CurrentReads( 1843): [095]    2016-07-08T14:48:08.000Z
V/CurrentReads( 1843): [096]    2016-07-08T14:48:08.000Z
V/CurrentReads( 1843): [097]    2016-07-08T14:48:08.000Z
V/CurrentReads( 1843): [098]    2016-07-08T14:48:08.000Z
V/CurrentReads( 1843): [099]    2016-07-08T14:48:07.000Z
V/CurrentReads( 1843): [100]    2016-07-08T14:48:07.000Z
V/CurrentReads( 1843): [101]    2016-07-08T14:48:07.000Z
V/CurrentReads( 1843): [102]    2016-07-08T14:48:07.000Z
V/CurrentReads( 1843): [103]    2016-07-08T14:48:07.000Z
V/CurrentReads( 1843): [104]    2016-07-08T14:48:07.000Z
V/CurrentReads( 1843): [105]    2016-07-08T14:48:07.000Z
V/CurrentReads( 1843): [106]    2016-07-08T14:48:06.000Z
V/CurrentReads( 1843): [107]    2016-07-08T14:48:06.000Z
V/CurrentReads( 1843): [108]    2016-07-08T14:48:06.000Z
V/CurrentReads( 1843): [109]    2016-07-08T14:48:06.000Z
V/CurrentReads( 1843): [110]    2016-07-08T14:48:06.000Z
D/Genymotion(   58): Received Ping
V/CurrentReads( 1843): [111]    2016-07-08T14:48:06.000Z
V/CurrentReads( 1843): [112]    2016-07-08T14:48:06.000Z
V/CurrentReads( 1843): [113]    2016-07-08T14:48:06.000Z
V/CurrentReads( 1843): [114]    2016-07-08T14:48:06.000Z
V/CurrentReads( 1843): [115]    2016-07-08T14:48:05.000Z
V/CurrentReads( 1843): [116]    2016-07-08T14:48:05.000Z
V/CurrentReads( 1843): [117]    2016-07-08T14:48:05.000Z
V/CurrentReads( 1843): [118]    2016-07-08T14:48:05.000Z
V/CurrentReads( 1843): [119]    2016-07-08T14:48:05.000Z
V/CurrentReads( 1843): [120]    2016-07-08T14:48:05.000Z
V/CurrentReads( 1843): [121]    2016-07-08T14:48:05.000Z
V/CurrentReads( 1843): [122]    2016-07-08T14:48:04.000Z
V/CurrentReads( 1843): [123]    2016-07-08T14:48:04.000Z
V/CurrentReads( 1843): [124]    2016-07-08T14:48:04.000Z
V/CurrentReads( 1843): [125]    2016-07-08T14:48:04.000Z
V/CurrentReads( 1843): [126]    2016-07-08T14:48:04.000Z
V/CurrentReads( 1843): [127]    2016-07-08T14:48:03.000Z
V/CurrentReads( 1843): [128]    2016-07-08T14:48:03.000Z
V/CurrentReads( 1843): [129]    2016-07-08T14:48:03.000Z
V/CurrentReads( 1843): [130]    2016-07-08T14:48:03.000Z
V/CurrentReads( 1843): [131]    2016-07-08T14:48:03.000Z
V/CurrentReads( 1843): [132]    2016-07-08T14:48:03.000Z
V/CurrentReads( 1843): [133]    2016-07-08T14:48:03.000Z
V/CurrentReads( 1843): [134]    2016-07-08T14:48:03.000Z
V/CurrentReads( 1843): [135]    2016-07-08T14:48:03.000Z
V/CurrentReads( 1843): [136]    2016-07-08T14:48:03.000Z
V/CurrentReads( 1843): [137]    2016-07-08T14:48:02.000Z
V/CurrentReads( 1843): [138]    2016-07-08T14:48:02.000Z
V/CurrentReads( 1843): [139]    2016-07-08T14:48:02.000Z
V/CurrentReads( 1843): [140]    2016-07-08T14:48:02.000Z
V/CurrentReads( 1843): [141]    2016-07-08T14:48:02.000Z
V/CurrentReads( 1843): [142]    2016-07-08T14:48:02.000Z
V/CurrentReads( 1843): [143]    2016-07-08T14:48:01.000Z
V/CurrentReads( 1843): [144]    2016-07-08T14:48:01.000Z
V/CurrentReads( 1843): [145]    2016-07-08T14:48:01.000Z
V/CurrentReads( 1843): [146]    2016-07-08T14:48:01.000Z
V/CurrentReads( 1843): [147]    2016-07-08T14:48:01.000Z
V/CurrentReads( 1843): [148]    2016-07-08T14:48:01.000Z
V/CurrentReads( 1843): [149]    2016-07-08T14:48:01.000Z
V/CurrentReads( 1843): [150]    2016-07-08T14:48:01.000Z
V/CurrentReads( 1843): [151]    2016-07-08T14:48:00.000Z
V/CurrentReads( 1843): [152]    2016-07-08T14:48:00.000Z
V/CurrentReads( 1843): [153]    2016-07-08T14:48:00.000Z
V/CurrentReads( 1843): [154]    2016-07-08T14:48:00.000Z
V/CurrentReads( 1843): [155]    2016-07-08T14:48:00.000Z
V/CurrentReads( 1843): [156]    2016-07-08T14:48:00.000Z
V/CurrentReads( 1843): [157]    2016-07-08T14:48:00.000Z
V/CurrentReads( 1843): [158]    2016-07-08T14:48:00.000Z
V/CurrentReads( 1843): [159]    2016-07-08T14:48:00.000Z
V/CurrentReads( 1843): [160]    2016-07-08T14:48:00.000Z
V/CurrentReads( 1843): [161]    2016-07-08T14:47:59.000Z
V/CurrentReads( 1843): [162]    2016-07-08T14:47:59.000Z
V/CurrentReads( 1843): [163]    2016-07-08T14:47:59.000Z
V/CurrentReads( 1843): [164]    2016-07-08T14:47:59.000Z
V/CurrentReads( 1843): [165]    2016-07-08T14:47:59.000Z
V/CurrentReads( 1843): [166]    2016-07-08T14:47:59.000Z
V/CurrentReads( 1843): [167]    2016-07-08T14:47:59.000Z
V/CurrentReads( 1843): [168]    2016-07-08T14:47:58.000Z
V/CurrentReads( 1843): [169]    2016-07-08T14:47:58.000Z
V/CurrentReads( 1843): [170]    2016-07-08T14:47:58.000Z
V/CurrentReads( 1843): [171]    2016-07-08T14:47:58.000Z
V/CurrentReads( 1843): [172]    2016-07-08T14:47:58.000Z
V/CurrentReads( 1843): [173]    2016-07-08T14:47:58.000Z
V/CurrentReads( 1843): [174]    2016-07-08T14:47:57.000Z
V/CurrentReads( 1843): [175]    2016-07-08T14:47:56.000Z
V/CurrentReads( 1843): [176]    2016-07-08T14:47:56.000Z
V/CurrentReads( 1843): [177]    2016-07-08T14:47:56.000Z
V/CurrentReads( 1843): [178]    2016-07-08T14:47:56.000Z
V/CurrentReads( 1843): [179]    2016-07-08T14:47:56.000Z
V/CurrentReads( 1843): [180]    2016-07-08T14:47:56.000Z
V/CurrentReads( 1843): [181]    2016-07-08T14:47:55.000Z
V/CurrentReads( 1843): [182]    2016-07-08T14:47:55.000Z
V/CurrentReads( 1843): [183]    2016-07-08T14:47:55.000Z
V/CurrentReads( 1843): [184]    2016-07-08T14:47:55.000Z
V/CurrentReads( 1843): [185]    2016-07-08T14:47:54.000Z
V/CurrentReads( 1843): [186]    2016-07-08T14:47:54.000Z
V/CurrentReads( 1843): [187]    2016-07-08T14:47:54.000Z
V/CurrentReads( 1843): [188]    2016-07-08T14:47:54.000Z
V/CurrentReads( 1843): [189]    2016-07-08T14:47:53.000Z
V/CurrentReads( 1843): [190]    2016-07-08T14:47:53.000Z
V/CurrentReads( 1843): [191]    2016-07-08T14:47:53.000Z
V/CurrentReads( 1843): [192]    2016-07-08T14:47:53.000Z
V/CurrentReads( 1843): [193]    2016-07-08T14:47:53.000Z
V/CurrentReads( 1843): [194]    2016-07-08T14:47:53.000Z
V/CurrentReads( 1843): [195]    2016-07-08T14:47:53.000Z
V/CurrentReads( 1843): [196]    2016-07-08T14:47:52.000Z
V/CurrentReads( 1843): [197]    2016-07-08T14:47:52.000Z
V/CurrentReads( 1843): [198]    2016-07-08T14:47:52.000Z
V/CurrentReads( 1843): [199]    2016-07-08T14:47:52.000Z
V/CurrentReads( 1843): [200]    2016-07-08T14:47:52.000Z
V/CurrentReads( 1843): [201]    2016-07-08T14:47:52.000Z
V/CurrentReads( 1843): [202]    2016-07-08T14:47:52.000Z
V/CurrentReads( 1843): [203]    2016-07-08T14:47:51.000Z
V/CurrentReads( 1843): [204]    2016-07-08T14:47:51.000Z
V/CurrentReads( 1843): [205]    2016-07-08T14:47:51.000Z
V/CurrentReads( 1843): [206]    2016-07-08T14:47:51.000Z
V/CurrentReads( 1843): [207]    2016-07-08T14:47:51.000Z
V/CurrentReads( 1843): [208]    2016-07-08T14:47:51.000Z
V/CurrentReads( 1843): [209]    2016-07-08T14:47:51.000Z
V/CurrentReads( 1843): [210]    2016-07-08T14:47:51.000Z
V/CurrentReads( 1843): [211]    2016-07-08T14:47:50.000Z
V/CurrentReads( 1843): [212]    2016-07-08T14:47:50.000Z
V/CurrentReads( 1843): [213]    2016-07-08T14:47:50.000Z
V/CurrentReads( 1843): [214]    2016-07-08T14:47:50.000Z
V/CurrentReads( 1843): [215]    2016-07-08T14:47:50.000Z
V/CurrentReads( 1843): [216]    2016-07-08T14:47:49.000Z
V/CurrentReads( 1843): [217]    2016-07-08T14:47:49.000Z
V/CurrentReads( 1843): [218]    2016-07-08T14:47:49.000Z
V/CurrentReads( 1843): [219]    2016-07-08T14:47:49.000Z
V/CurrentReads( 1843): [220]    2016-07-08T14:47:49.000Z
V/CurrentReads( 1843): [221]    2016-07-08T14:47:49.000Z
V/CurrentReads( 1843): [222]    2016-07-08T14:47:49.000Z
V/CurrentReads( 1843): [223]    2016-07-08T14:47:49.000Z
V/CurrentReads( 1843): [224]    2016-07-08T14:47:48.000Z
V/CurrentReads( 1843): [225]    2016-07-08T14:47:48.000Z
V/CurrentReads( 1843): [226]    2016-07-08T14:47:48.000Z
V/CurrentReads( 1843): [227]    2016-07-08T14:47:48.000Z
V/CurrentReads( 1843): [228]    2016-07-08T14:47:48.000Z
V/CurrentReads( 1843): [229]    2016-07-08T14:47:48.000Z
V/CurrentReads( 1843): [230]    2016-07-08T14:47:47.000Z
V/CurrentReads( 1843): [231]    2016-07-08T14:47:47.000Z
V/CurrentReads( 1843): [232]    2016-07-08T14:47:47.000Z
V/CurrentReads( 1843): [233]    2016-07-08T14:47:46.000Z
V/CurrentReads( 1843): [234]    2016-07-08T14:47:46.000Z
V/CurrentReads( 1843): [235]    2016-07-08T14:47:46.000Z
V/CurrentReads( 1843): [236]    2016-07-08T14:47:46.000Z
V/CurrentReads( 1843): [237]    2016-07-08T14:47:46.000Z
V/CurrentReads( 1843): [238]    2016-07-08T14:47:46.000Z
V/CurrentReads( 1843): [239]    2016-07-08T14:47:46.000Z
V/CurrentReads( 1843): [240]    2016-07-08T14:47:45.000Z
V/CurrentReads( 1843): [241]    2016-07-08T14:47:45.000Z
V/CurrentReads( 1843): [242]    2016-07-08T14:47:45.000Z
V/CurrentReads( 1843): [243]    2016-07-08T14:47:45.000Z
V/CurrentReads( 1843): [244]    2016-07-08T14:47:45.000Z
V/CurrentReads( 1843): [245]    2016-07-08T14:47:45.000Z
V/CurrentReads( 1843): [246]    2016-07-08T14:47:44.000Z
V/CurrentReads( 1843): [247]    2016-07-08T14:47:44.000Z
V/CurrentReads( 1843): [248]    2016-07-08T14:47:44.000Z
V/CurrentReads( 1843): [249]    2016-07-08T14:47:44.000Z
V/CurrentReads( 1843): [250]    2016-07-08T14:47:44.000Z
V/CurrentReads( 1843): [251]    2016-07-08T14:47:44.000Z
V/CurrentReads( 1843): [252]    2016-07-08T14:47:43.000Z
V/CurrentReads( 1843): [253]    2016-07-08T14:47:43.000Z
V/CurrentReads( 1843): [254]    2016-07-08T14:47:43.000Z
V/CurrentReads( 1843): [255]    2016-07-08T14:47:43.000Z
V/CurrentReads( 1843): [256]    2016-07-08T14:47:43.000Z
V/CurrentReads( 1843): [257]    2016-07-08T14:47:42.000Z
V/CurrentReads( 1843): [258]    2016-07-08T14:47:42.000Z
V/CurrentReads( 1843): [259]    2016-07-08T14:47:41.000Z
V/CurrentReads( 1843): [260]    2016-07-08T14:47:41.000Z
V/CurrentReads( 1843): [261]    2016-07-08T14:47:41.000Z
V/CurrentReads( 1843): [262]    2016-07-08T14:47:41.000Z
V/CurrentReads( 1843): [263]    2016-07-08T14:47:41.000Z
V/CurrentReads( 1843): [264]    2016-07-08T14:47:41.000Z
V/CurrentReads( 1843): [265]    2016-07-08T14:47:41.000Z
V/CurrentReads( 1843): [266]    2016-07-08T14:47:41.000Z
V/CurrentReads( 1843): [267]    2016-07-08T14:47:41.000Z
V/CurrentReads( 1843): [268]    2016-07-08T14:47:40.000Z
V/CurrentReads( 1843): [269]    2016-07-08T14:47:40.000Z
V/CurrentReads( 1843): [270]    2016-07-08T14:47:40.000Z
V/CurrentReads( 1843): [271]    2016-07-08T14:47:40.000Z
V/CurrentReads( 1843): [272]    2016-07-08T14:47:40.000Z
V/CurrentReads( 1843): [273]    2016-07-08T14:47:40.000Z
V/CurrentReads( 1843): [274]    2016-07-08T14:47:40.000Z
V/CurrentReads( 1843): [275]    2016-07-08T14:47:40.000Z
V/CurrentReads( 1843): [276]    2016-07-08T14:47:39.000Z
V/CurrentReads( 1843): [277]    2016-07-08T14:47:39.000Z
V/CurrentReads( 1843): [278]    2016-07-08T14:47:39.000Z
V/CurrentReads( 1843): [279]    2016-07-08T14:47:39.000Z
V/CurrentReads( 1843): [280]    2016-07-08T14:47:39.000Z
V/CurrentReads( 1843): [281]    2016-07-08T14:47:39.000Z
V/CurrentReads( 1843): [282]    2016-07-08T14:47:39.000Z
V/CurrentReads( 1843): [283]    2016-07-08T14:47:39.000Z
V/CurrentReads( 1843): [284]    2016-07-08T14:47:38.000Z
V/CurrentReads( 1843): [285]    2016-07-08T14:47:38.000Z
V/CurrentReads( 1843): [286]    2016-07-08T14:47:38.000Z
V/CurrentReads( 1843): [287]    2016-07-08T14:47:38.000Z
V/CurrentReads( 1843): [288]    2016-07-08T14:47:38.000Z
V/CurrentReads( 1843): [289]    2016-07-08T14:47:38.000Z
V/CurrentReads( 1843): [290]    2016-07-08T14:47:37.000Z
V/CurrentReads( 1843): [291]    2016-07-08T14:47:37.000Z
V/CurrentReads( 1843): [292]    2016-07-08T14:47:37.000Z
V/CurrentReads( 1843): [293]    2016-07-08T14:47:37.000Z
V/CurrentReads( 1843): [294]    2016-07-08T14:47:37.000Z
V/CurrentReads( 1843): [295]    2016-07-08T14:47:37.000Z
V/CurrentReads( 1843): [296]    2016-07-08T14:47:36.000Z
V/CurrentReads( 1843): [297]    2016-07-08T14:47:36.000Z
V/CurrentReads( 1843): [298]    2016-07-08T14:47:36.000Z
V/CurrentReads( 1843): [299]    2016-07-08T14:47:36.000Z
V/CurrentReads( 1843): [300]    2016-07-08T14:47:36.000Z
V/CurrentReads( 1843): [301]    2016-07-08T14:47:36.000Z
V/CurrentReads( 1843): [302]    2016-07-08T14:47:35.000Z
V/CurrentReads( 1843): [303]    2016-07-08T14:47:35.000Z
V/CurrentReads( 1843): [304]    2016-07-08T14:47:35.000Z
V/CurrentReads( 1843): [305]    2016-07-08T14:47:34.000Z
V/CurrentReads( 1843): [306]    2016-07-08T14:47:34.000Z
V/CurrentReads( 1843): [307]    2016-07-08T14:47:34.000Z
V/CurrentReads( 1843): [308]    2016-07-08T14:47:34.000Z
V/CurrentReads( 1843): [309]    2016-07-08T14:47:34.000Z
V/CurrentReads( 1843): [310]    2016-07-08T14:47:33.000Z
V/CurrentReads( 1843): [311]    2016-07-08T14:47:33.000Z
V/CurrentReads( 1843): [312]    2016-07-08T14:47:33.000Z
V/CurrentReads( 1843): [313]    2016-07-08T14:47:33.000Z
V/CurrentReads( 1843): [314]    2016-07-08T14:47:33.000Z
V/CurrentReads( 1843): [315]    2016-07-08T14:47:32.000Z
V/CurrentReads( 1843): [316]    2016-07-08T14:47:32.000Z
V/CurrentReads( 1843): [317]    2016-07-08T14:47:32.000Z
V/CurrentReads( 1843): [318]    2016-07-08T14:47:32.000Z
V/CurrentReads( 1843): [319]    2016-07-08T14:47:32.000Z
V/CurrentReads( 1843): [320]    2016-07-08T14:47:32.000Z
V/CurrentReads( 1843): [321]    2016-07-08T14:47:31.000Z
V/CurrentReads( 1843): [322]    2016-07-08T14:47:31.000Z
V/CurrentReads( 1843): [323]    2016-07-08T14:47:31.000Z
V/CurrentReads( 1843): [324]    2016-07-08T14:47:30.000Z
V/CurrentReads( 1843): [325]    2016-07-08T14:47:30.000Z
V/CurrentReads( 1843): [326]    2016-07-08T14:47:30.000Z
V/CurrentReads( 1843): [327]    2016-07-08T14:47:30.000Z
V/CurrentReads( 1843): [328]    2016-07-08T14:47:30.000Z
V/CurrentReads( 1843): [329]    2016-07-08T14:47:29.000Z
V/CurrentReads( 1843): [330]    2016-07-08T14:47:29.000Z
V/CurrentReads( 1843): [331]    2016-07-08T14:47:29.000Z
V/CurrentReads( 1843): [332]    2016-07-08T14:47:29.000Z
V/CurrentReads( 1843): [333]    2016-07-08T14:47:28.000Z
V/CurrentReads( 1843): [334]    2016-07-08T14:47:27.000Z
V/CurrentReads( 1843): [335]    2016-07-08T14:47:27.000Z
V/CurrentReads( 1843): [336]    2016-07-08T14:47:27.000Z
V/CurrentReads( 1843): [337]    2016-07-08T14:47:26.000Z
V/CurrentReads( 1843): [338]    2016-07-08T14:47:26.000Z
V/CurrentReads( 1843): [339]    2016-07-08T14:47:26.000Z
V/CurrentReads( 1843): [340]    2016-07-08T14:47:26.000Z
V/CurrentReads( 1843): [341]    2016-07-08T14:47:26.000Z
V/CurrentReads( 1843): [342]    2016-07-08T14:47:26.000Z
V/CurrentReads( 1843): [343]    2016-07-08T14:47:25.000Z
V/CurrentReads( 1843): [344]    2016-07-08T14:47:25.000Z
V/CurrentReads( 1843): [345]    2016-07-08T14:47:25.000Z
V/CurrentReads( 1843): [346]    2016-07-08T14:47:24.000Z
V/CurrentReads( 1843): [347]    2016-07-08T14:47:24.000Z
V/CurrentReads( 1843): [348]    2016-07-08T14:47:24.000Z
V/CurrentReads( 1843): [349]    2016-07-08T14:47:24.000Z
V/CurrentReads( 1843): [350]    2016-07-08T14:47:24.000Z
V/CurrentReads( 1843): [351]    2016-07-08T14:47:24.000Z
V/CurrentReads( 1843): [352]    2016-07-08T14:47:23.000Z
V/CurrentReads( 1843): [353]    2016-07-08T14:47:23.000Z
V/CurrentReads( 1843): [354]    2016-07-08T14:47:23.000Z
V/CurrentReads( 1843): [355]    2016-07-08T14:47:23.000Z
V/CurrentReads( 1843): [356]    2016-07-08T14:47:23.000Z
V/CurrentReads( 1843): [357]    2016-07-08T14:47:22.000Z
V/CurrentReads( 1843): [358]    2016-07-08T14:47:22.000Z
V/CurrentReads( 1843): [359]    2016-07-08T14:47:22.000Z
V/CurrentReads( 1843): [360]    2016-07-08T14:47:22.000Z
V/CurrentReads( 1843): [361]    2016-07-08T14:47:22.000Z
V/CurrentReads( 1843): [362]    2016-07-08T14:47:22.000Z
V/CurrentReads( 1843): [363]    2016-07-08T14:47:22.000Z
V/CurrentReads( 1843): [364]    2016-07-08T14:47:21.000Z
V/CurrentReads( 1843): [365]    2016-07-08T14:47:21.000Z
V/CurrentReads( 1843): [366]    2016-07-08T14:47:20.000Z
V/CurrentReads( 1843): [367]    2016-07-08T14:47:20.000Z
V/CurrentReads( 1843): [368]    2016-07-08T14:47:20.000Z
V/CurrentReads( 1843): [369]    2016-07-08T14:47:20.000Z
V/CurrentReads( 1843): [370]    2016-07-08T14:47:20.000Z
V/CurrentReads( 1843): [371]    2016-07-08T14:47:20.000Z
V/CurrentReads( 1843): [372]    2016-07-08T14:47:19.000Z
V/CurrentReads( 1843): [373]    2016-06-27T21:46:53.000Z
V/CurrentReads( 1843): [374]    2016-06-17T16:05:31.000Z
V/CurrentReads( 1843): [375]    2016-06-17T16:05:06.000Z
V/CurrentReads( 1843): [376]    2016-06-15T15:40:15.000Z
V/CurrentReads( 1843): [377]    2016-06-14T21:44:05.000Z
V/CurrentReads( 1843): [378]    2016-06-14T20:55:54.000Z
V/CurrentReads( 1843): [379]    2016-06-14T19:45:52.000Z
V/CurrentReads( 1843): [380]    2016-06-14T19:19:49.000Z
V/CurrentReads( 1843): [381]    2016-06-14T15:50:56.000Z
V/CurrentReads( 1843): [382]    2016-06-10T20:12:19.000Z
V/CurrentReads( 1843): [383]    2016-06-10T17:31:58.000Z
V/CurrentReads( 1843): [384]    2016-06-10T17:31:02.000Z
V/CurrentReads( 1843): [385]    2016-06-08T22:00:10.000Z
V/CurrentReads( 1843): [386]    2016-06-08T19:53:58.000Z
V/CurrentReads( 1843): [387]    2016-06-08T18:24:33.000Z
V/CurrentReads( 1843): [388]    2016-06-08T17:53:40.000Z
V/CurrentReads( 1843): [389]    2016-06-03T16:50:57.000Z
V/CurrentReads( 1843): [390]    2016-06-03T16:50:11.000Z
V/CurrentReads( 1843): [391]    2016-06-03T15:26:35.000Z
V/CurrentReads( 1843): [392]    2016-06-02T18:33:25.000Z
V/CurrentReads( 1843): [393]    2016-06-02T18:27:07.000Z
V/CurrentReads( 1843): [394]    2016-06-02T18:25:24.000Z
V/CurrentReads( 1843): [395]    2016-06-01T01:29:24.000Z
V/CurrentReads( 1843): [396]    2016-06-01T01:29:24.000Z
V/CurrentReads( 1843): [397]    2016-06-01T01:29:24.000Z
V/CurrentReads( 1843): [398]    2016-06-01T01:29:24.000Z
V/CurrentReads( 1843): [399]    2016-06-01T01:29:24.000Z
V/CurrentReads( 1843): [400]    2016-06-01T01:29:24.000Z
V/CurrentReads( 1843): [401]    2016-06-01T01:29:24.000Z
V/CurrentReads( 1843): [402]    2016-06-01T01:29:24.000Z
V/CurrentReads( 1843): [403]    2016-06-01T01:29:24.000Z
V/CurrentReads( 1843): [404]    2016-06-01T01:29:24.000Z
V/CurrentReads( 1843): [405]    2016-06-01T01:29:24.000Z
V/CurrentReads( 1843): [406]    2016-06-01T01:29:24.000Z
V/CurrentReads( 1843): [407]    2016-06-01T01:29:24.000Z
V/CurrentReads( 1843): [408]    2016-06-01T01:29:24.000Z
V/CurrentReads( 1843): [409]    2016-06-01T01:29:24.000Z
V/CurrentReads( 1843): [410]    2016-06-01T01:29:23.000Z
V/CurrentReads( 1843): [411]    2016-06-01T01:29:23.000Z
V/CurrentReads( 1843): [412]    2016-06-01T01:29:23.000Z
V/CurrentReads( 1843): [413]    2016-06-01T01:29:23.000Z
V/CurrentReads( 1843): [414]    2016-06-01T01:29:23.000Z
V/CurrentReads( 1843): [415]    2016-06-01T01:29:23.000Z
V/CurrentReads( 1843): [416]    2016-06-01T01:29:23.000Z
V/CurrentReads( 1843): [417]    2016-06-01T01:29:23.000Z
V/CurrentReads( 1843): [418]    2016-06-01T01:29:23.000Z
V/CurrentReads( 1843): [419]    2016-06-01T01:29:23.000Z
V/CurrentReads( 1843): [420]    2016-06-01T01:29:23.000Z
V/CurrentReads( 1843): [421]    2016-06-01T01:29:23.000Z
V/CurrentReads( 1843): [422]    2016-06-01T01:29:23.000Z
V/CurrentReads( 1843): [423]    2016-06-01T01:29:23.000Z
V/CurrentReads( 1843): [424]    2016-06-01T01:29:23.000Z
V/CurrentReads( 1843): [425]    2016-06-01T01:29:22.000Z
V/CurrentReads( 1843): [426]    2016-06-01T01:29:22.000Z
V/CurrentReads( 1843): [427]    2016-06-01T01:29:22.000Z
V/CurrentReads( 1843): [428]    2016-06-01T01:29:22.000Z
V/CurrentReads( 1843): [429]    2016-06-01T01:29:22.000Z
V/CurrentReads( 1843): [430]    2016-06-01T01:29:22.000Z
V/CurrentReads( 1843): [431]    2016-06-01T01:29:22.000Z
V/CurrentReads( 1843): [432]    2016-06-01T01:29:22.000Z
V/CurrentReads( 1843): [433]    2016-06-01T01:29:22.000Z
V/CurrentReads( 1843): [434]    2016-06-01T01:29:22.000Z
V/CurrentReads( 1843): [435]    2016-06-01T01:29:18.000Z
V/CurrentReads( 1843): [436]    2016-06-01T01:29:18.000Z
V/CurrentReads( 1843): [437]    2016-06-01T01:29:18.000Z
V/CurrentReads( 1843): [438]    2016-06-01T01:29:18.000Z
V/CurrentReads( 1843): [439]    2016-06-01T01:29:18.000Z
V/CurrentReads( 1843): [440]    2016-06-01T01:29:17.000Z
V/CurrentReads( 1843): [441]    2016-06-01T01:29:17.000Z
V/CurrentReads( 1843): [442]    2016-06-01T01:29:17.000Z
V/CurrentReads( 1843): [443]    2016-06-01T01:29:16.000Z
V/CurrentReads( 1843): [444]    2016-06-01T01:29:16.000Z
V/CurrentReads( 1843): [445]    2016-06-01T01:29:16.000Z
V/CurrentReads( 1843): [446]    2016-06-01T01:29:16.000Z
V/CurrentReads( 1843): [447]    2016-06-01T01:29:16.000Z
V/CurrentReads( 1843): [448]    2016-06-01T01:29:16.000Z
V/CurrentReads( 1843): [449]    2016-06-01T01:29:16.000Z
V/CurrentReads( 1843): [450]    2016-06-01T01:29:16.000Z
V/CurrentReads( 1843): [451]    2016-06-01T01:29:16.000Z
V/CurrentReads( 1843): [452]    2016-06-01T01:29:16.000Z
V/CurrentReads( 1843): [453]    2016-06-01T01:29:15.000Z
V/CurrentReads( 1843): [454]    2016-06-01T01:29:15.000Z
V/CurrentReads( 1843): [455]    2016-06-01T01:29:15.000Z
V/CurrentReads( 1843): [456]    2016-06-01T01:29:15.000Z
V/CurrentReads( 1843): [457]    2016-06-01T01:29:15.000Z
V/CurrentReads( 1843): [458]    2016-06-01T01:29:14.000Z
V/CurrentReads( 1843): [459]    2016-06-01T01:29:14.000Z
V/CurrentReads( 1843): [460]    2016-06-01T01:29:14.000Z
V/CurrentReads( 1843): [461]    2016-06-01T01:29:14.000Z
V/CurrentReads( 1843): [462]    2016-06-01T01:29:14.000Z
V/CurrentReads( 1843): [463]    2016-06-01T01:29:14.000Z
V/CurrentReads( 1843): [464]    2016-06-01T01:29:14.000Z
V/CurrentReads( 1843): [465]    2016-06-01T01:29:14.000Z
V/CurrentReads( 1843): [466]    2016-06-01T01:29:14.000Z
V/CurrentReads( 1843): [467]    2016-06-01T01:29:13.000Z
V/CurrentReads( 1843): [468]    2016-06-01T01:29:13.000Z
V/CurrentReads( 1843): [469]    2016-06-01T01:29:13.000Z
V/CurrentReads( 1843): [470]    2016-06-01T01:29:13.000Z
V/CurrentReads( 1843): [471]    2016-06-01T01:29:13.000Z
V/CurrentReads( 1843): [472]    2016-06-01T01:29:12.000Z
V/CurrentReads( 1843): [473]    2016-06-01T01:29:12.000Z
V/CurrentReads( 1843): [474]    2016-06-01T01:29:12.000Z
V/CurrentReads( 1843): [475]    2016-06-01T01:29:12.000Z
V/CurrentReads( 1843): [476]    2016-06-01T01:29:12.000Z
V/CurrentReads( 1843): [477]    2016-06-01T01:29:12.000Z
V/CurrentReads( 1843): [478]    2016-06-01T01:29:12.000Z
V/CurrentReads( 1843): [479]    2016-06-01T01:29:12.000Z
V/CurrentReads( 1843): [480]    2016-06-01T01:29:12.000Z
V/CurrentReads( 1843): [481]    2016-06-01T01:29:12.000Z
V/CurrentReads( 1843): [482]    2016-06-01T01:29:12.000Z
V/CurrentReads( 1843): [483]    2016-06-01T01:29:12.000Z
V/CurrentReads( 1843): [484]    2016-06-01T01:29:12.000Z
V/CurrentReads( 1843): [485]    2016-06-01T01:29:12.000Z
V/CurrentReads( 1843): [486]    2016-06-01T01:29:11.000Z
V/CurrentReads( 1843): [487]    2016-06-01T01:29:11.000Z
V/CurrentReads( 1843): [488]    2016-06-01T01:29:11.000Z
V/CurrentReads( 1843): [489]    2016-06-01T01:29:11.000Z
V/CurrentReads( 1843): [490]    2016-06-01T01:29:11.000Z
V/CurrentReads( 1843): [491]    2016-06-01T01:29:11.000Z
V/CurrentReads( 1843): [492]    2016-06-01T01:29:11.000Z
V/CurrentReads( 1843): [493]    2016-06-01T01:29:11.000Z
V/CurrentReads( 1843): [494]    2016-06-01T01:29:11.000Z
V/CurrentReads( 1843): [495]    2016-06-01T01:29:11.000Z
V/CurrentReads( 1843): [496]    2016-06-01T01:29:11.000Z
V/CurrentReads( 1843): [497]    2016-06-01T01:29:11.000Z
V/CurrentReads( 1843): [498]    2016-06-01T01:29:11.000Z
V/CurrentReads( 1843): [499]    2016-06-01T01:29:11.000Z
V/CurrentReads( 1843): [500]    2016-06-01T01:29:10.000Z
V/CurrentReads( 1843): [501]    2016-06-01T01:29:10.000Z
V/CurrentReads( 1843): [502]    2016-06-01T01:29:10.000Z
V/CurrentReads( 1843): [503]    2016-06-01T01:29:10.000Z
V/CurrentReads( 1843): [504]    2016-06-01T01:29:10.000Z
V/CurrentReads( 1843): [505]    2016-06-01T01:29:10.000Z
