V/CurrentReads( 1843): [506]    2016-06-01T01:29:10.000Z
V/CurrentReads( 1843): [507]    2016-06-01T01:29:10.000Z
V/CurrentReads( 1843): [508]    2016-06-01T01:29:10.000Z
V/CurrentReads( 1843): [509]    2016-06-01T01:29:09.000Z
V/CurrentReads( 1843): [510]    2016-06-01T01:29:09.000Z
V/CurrentReads( 1843): [511]    2016-06-01T01:29:09.000Z
V/CurrentReads( 1843): [512]    2016-06-01T01:29:07.000Z
V/CurrentReads( 1843): [513]    2016-06-01T01:29:07.000Z
V/CurrentReads( 1843): [514]    2016-06-01T01:29:07.000Z
V/CurrentReads( 1843): [515]    2016-06-01T01:29:07.000Z
V/CurrentReads( 1843): [516]    2016-06-01T01:29:07.000Z
V/CurrentReads( 1843): [517]    2016-06-01T01:29:07.000Z
V/CurrentReads( 1843): [518]    2016-06-01T01:29:07.000Z
V/CurrentReads( 1843): [519]    2016-06-01T01:29:07.000Z
V/CurrentReads( 1843): [520]    2016-06-01T01:29:07.000Z
V/CurrentReads( 1843): [521]    2016-06-01T01:29:07.000Z
V/CurrentReads( 1843): [522]    2016-06-01T01:29:05.000Z
V/CurrentReads( 1843): [523]    2016-06-01T01:29:05.000Z
V/CurrentReads( 1843): [524]    2016-06-01T01:29:05.000Z
V/CurrentReads( 1843): [525]    2016-06-01T01:29:05.000Z
V/CurrentReads( 1843): [526]    2016-06-01T01:29:05.000Z
V/CurrentReads( 1843): [527]    2016-06-01T01:29:05.000Z
V/CurrentReads( 1843): [528]    2016-06-01T01:29:05.000Z
V/CurrentReads( 1843): [529]    2016-06-01T01:29:05.000Z
V/CurrentReads( 1843): [530]    2016-06-01T01:29:05.000Z
V/CurrentReads( 1843): [531]    2016-06-01T01:29:05.000Z
V/CurrentReads( 1843): [532]    2016-06-01T01:29:05.000Z
V/CurrentReads( 1843): [533]    2016-06-01T01:29:05.000Z
V/CurrentReads( 1843): [534]    2016-06-01T01:29:05.000Z
V/CurrentReads( 1843): [535]    2016-06-01T01:29:05.000Z
V/CurrentReads( 1843): [536]    2016-06-01T01:29:05.000Z
D/dalvikvm(  381): GC_FOR_ALLOC freed 512K, 30% free 14134K/20140K, paused 16ms, total 21ms
D/dalvikvm(  381): GC_FOR_ALLOC freed 747K, 32% free 13758K/20140K, paused 12ms, total 13ms
V/CurrentReads( 1843): [537]    2016-06-01T01:29:03.000Z
E/DictionaryHelper( 1843): checkDictionaryInAssetsDir failed: dictionary/en/dictionary.zip
V/CurrentReads( 1843): [538]    2016-06-01T01:29:03.000Z
V/CurrentReads( 1843): [539]    2016-06-01T01:29:03.000Z
V/CurrentReads( 1843): [540]    2016-06-01T01:29:03.000Z
V/CurrentReads( 1843): [541]    2016-06-01T01:29:03.000Z
V/CurrentReads( 1843): [542]    2016-06-01T01:29:03.000Z
V/CurrentReads( 1843): [543]    2016-06-01T01:29:03.000Z
V/CurrentReads( 1843): [544]    2016-06-01T01:29:03.000Z
V/CurrentReads( 1843): [545]    2016-06-01T01:29:03.000Z
V/CurrentReads( 1843): [546]    2016-06-01T01:29:02.000Z
V/CurrentReads( 1843): [547]    2016-06-01T01:29:02.000Z
V/CurrentReads( 1843): [548]    2016-06-01T01:29:02.000Z
V/CurrentReads( 1843): [549]    2016-06-01T01:29:02.000Z
V/CurrentReads( 1843): [550]    2016-06-01T01:29:02.000Z
V/CurrentReads( 1843): [551]    2016-06-01T01:29:02.000Z
V/CurrentReads( 1843): [552]    2016-06-01T01:29:02.000Z
V/CurrentReads( 1843): [553]    2016-06-01T01:29:02.000Z
V/CurrentReads( 1843): [554]    2016-06-01T01:29:02.000Z
V/CurrentReads( 1843): [555]    2016-06-01T01:29:02.000Z
V/CurrentReads( 1843): [556]    2016-06-01T01:29:02.000Z
V/CurrentReads( 1843): [557]    2016-06-01T01:29:02.000Z
V/CurrentReads( 1843): [558]    2016-06-01T01:29:02.000Z
V/CurrentReads( 1843): [559]    2016-06-01T01:29:02.000Z
V/CurrentReads( 1843): [560]    2016-06-01T01:29:00.000Z
V/CurrentReads( 1843): [561]    2016-06-01T01:29:00.000Z
V/CurrentReads( 1843): [562]    2016-06-01T01:29:00.000Z
V/CurrentReads( 1843): [563]    2016-06-01T01:29:00.000Z
V/CurrentReads( 1843): [564]    2016-06-01T01:29:00.000Z
V/CurrentReads( 1843): [565]    2016-06-01T01:28:59.000Z
V/CurrentReads( 1843): [566]    2016-06-01T01:28:59.000Z
D/dalvikvm( 1843): GC_FOR_ALLOC freed 6099K, 17% free 33176K/39824K, paused 50ms, total 59ms
I/dalvikvm-heap( 1843): Grow heap (frag case) to 34.171MB for 1770192-byte allocation
D/dalvikvm( 1843): GC_FOR_ALLOC freed 57K, 17% free 34847K/41556K, paused 27ms, total 27ms
V/CurrentReads( 1843): [567]    2016-06-01T01:28:59.000Z
V/CurrentReads( 1843): [568]    2016-06-01T01:28:59.000Z
V/CurrentReads( 1843): [569]    2016-06-01T01:28:59.000Z
V/CurrentReads( 1843): [570]    2016-06-01T01:28:59.000Z
V/CurrentReads( 1843): [571]    2016-06-01T01:28:59.000Z
V/CurrentReads( 1843): [572]    2016-06-01T01:28:59.000Z
V/CurrentReads( 1843): [573]    2016-06-01T01:28:59.000Z
V/CurrentReads( 1843): [574]    2016-06-01T01:28:59.000Z
V/CurrentReads( 1843): [575]    2016-06-01T01:28:58.000Z
V/CurrentReads( 1843): [576]    2016-06-01T01:28:58.000Z
V/CurrentReads( 1843): [577]    2016-06-01T01:28:58.000Z
V/CurrentReads( 1843): [578]    2016-06-01T01:28:58.000Z
V/CurrentReads( 1843): [579]    2016-06-01T01:28:58.000Z
V/CurrentReads( 1843): [580]    2016-06-01T01:28:58.000Z
V/CurrentReads( 1843): [581]    2016-06-01T01:28:58.000Z
V/CurrentReads( 1843): [582]    2016-06-01T01:28:58.000Z
V/CurrentReads( 1843): [583]    2016-06-01T01:28:58.000Z
V/CurrentReads( 1843): [584]    2016-06-01T01:28:58.000Z
V/CurrentReads( 1843): [585]    2016-06-01T01:28:58.000Z
V/CurrentReads( 1843): [586]    2016-06-01T01:28:58.000Z
V/CurrentReads( 1843): [587]    2016-06-01T01:28:58.000Z
V/CurrentReads( 1843): [588]    2016-06-01T01:28:58.000Z
V/CurrentReads( 1843): [589]    2016-06-01T01:28:58.000Z
V/CurrentReads( 1843): [590]    2016-06-01T01:28:57.000Z
V/CurrentReads( 1843): [591]    2016-06-01T01:28:57.000Z
V/CurrentReads( 1843): [592]    2016-06-01T01:28:57.000Z
V/CurrentReads( 1843): [593]    2016-06-01T01:28:57.000Z
V/CurrentReads( 1843): [594]    2016-06-01T01:28:57.000Z
V/CurrentReads( 1843): [595]    2016-06-01T01:28:57.000Z
V/CurrentReads( 1843): [596]    2016-06-01T01:28:57.000Z
V/CurrentReads( 1843): [597]    2016-06-01T01:28:57.000Z
V/CurrentReads( 1843): [598]    2016-06-01T01:28:57.000Z
V/CurrentReads( 1843): [599]    2016-06-01T01:28:57.000Z
V/CurrentReads( 1843): [600]    2016-06-01T01:28:55.000Z
V/CurrentReads( 1843): [601]    2016-06-01T01:28:55.000Z
V/CurrentReads( 1843): [602]    2016-06-01T01:28:55.000Z
V/CurrentReads( 1843): [603]    2016-06-01T01:28:55.000Z
V/CurrentReads( 1843): [604]    2016-06-01T01:28:55.000Z
V/CurrentReads( 1843): [605]    2016-06-01T01:28:55.000Z
D/com.kobobooks.android.readinglife.synching.GetUserAnnotationsRequest( 1843): sending request for user: b43d7e75-1061-4cf8-a5f9-42663655333f
V/CurrentReads( 1843): [606]    2016-06-01T01:28:55.000Z
V/CurrentReads( 1843): [607]    2016-06-01T01:28:55.000Z
V/CurrentReads( 1843): [608]    2016-06-01T01:28:55.000Z
V/CurrentReads( 1843): [609]    2016-06-01T01:28:55.000Z
I/SocialRequest( 1843): HTTP POST
I/SocialRequest( 1843): https://social.kobobooks.com/AnnotationService/V1.1/get
I/SocialRequest( 1843): Content-Type = application/xml
I/SocialRequest( 1843): Authorization = Bearer 1meZoF0mM4ko/uMQuBRiMO7Sw3xqfM1/u88nG7fu21xI6IHRPwRk8epgogzhxjFZK0GzhEquozBtn9shGcqdEHpbgllBghRQpm30l8H0hnKl+H4k/loiBXvagE9jrYJJn4p1mI3iM49xMP3uyCiyIqdvCkvrMpsor3eKLhG/xN2RmXG3vyd4BvJxIeYv9MINAkqpm/DDid4SzlEV7xrWa/DzVdZkq08y+2Z+1cAIg2LFzSOtNLABTFfBRJxpCrbruuejNc67nsZbdVyirfvHk8kRzbzl+8EEnVEJCfhlCW1kCFQ+9HU/bIdqMxgi7/MLQyPyLzLG94GCG9tC7KIMmpowSD/CpJVqItISpyUfeIBwwzpi31RzdhusH3DXT1v6SSmDuGlaSKety9XDmNmA35IxMttiTykGzlXsrHIsKm7QgQ2Qqd1nST36/y9xISGG8zE1Wj6FAtjYUkWNT7iS1qI9GxarKjq3eSPx0+MYXZeiMM1Mb1LkppVVC+fmd1/V0fFZX+LcVRvnmfUwywACsMhT1ywlaXnPNeu7XIrVVt7ITqPqq
I/SocialRequest( 1843): <?xml version="1.0" encoding="UTF-8"?><GetUserAnnotationsRequest xmlns:xsi="http://www.w3.org/2001/XMLSchema-instance" xmlns:xsd="http://www.w3.org/2001/XMLSchema"><SecurityHeader xmlns="http://kobobooks.com"><UserId>b43d7e75-1061-4cf8-a5f9-42663655333f</UserId><Date>2016-07-08T18:29:43.590Z</Date></SecurityHeader><RequestBody><ModifiedAfter>1970-01-01T00:00:00.000Z</ModifiedAfter><ModifiedBefore>2016-07-08T18:29:43.590Z</ModifiedBefore><AnnotationTypes><AnnotationType>Highlight</AnnotationType><AnnotationType>Note</AnnotationType></AnnotationTypes><AnnotationScopes><AnnotationScope>Span</AnnotationScope></AnnotationScopes><AnnotationVisibilities><AnnotationVisibility>Private</AnnotationVisibility></AnnotationVisibilities></RequestBody></GetUserAnnotationsRequest>
V/CurrentReads( 1843): [610]    2016-06-01T01:28:55.000Z
V/CurrentReads( 1843): [611]    2016-06-01T01:28:55.000Z
V/CurrentReads( 1843): [612]    2016-06-01T01:28:54.000Z
V/CurrentReads( 1843): [613]    2016-06-01T01:28:54.000Z
V/CurrentReads( 1843): [614]    2016-06-01T01:28:54.000Z
V/CurrentReads( 1843): [615]    2016-06-01T01:28:54.000Z
V/CurrentReads( 1843): [616]    2016-06-01T01:28:54.000Z
V/CurrentReads( 1843): [617]    2016-06-01T01:28:54.000Z
V/CurrentReads( 1843): [618]    2016-06-01T01:28:54.000Z
V/CurrentReads( 1843): [619]    2016-06-01T01:28:54.000Z
V/CurrentReads( 1843): [620]    2016-06-01T01:28:54.000Z
V/CurrentReads( 1843): [621]    2016-06-01T01:28:53.000Z
V/CurrentReads( 1843): [622]    2016-06-01T01:28:53.000Z
V/CurrentReads( 1843): [623]    2016-06-01T01:28:53.000Z
V/CurrentReads( 1843): [624]    2016-06-01T01:28:53.000Z
V/CurrentReads( 1843): [625]    2016-06-01T01:28:53.000Z
V/CurrentReads( 1843): [626]    2016-06-01T01:28:53.000Z
V/CurrentReads( 1843): [627]    2016-06-01T01:28:53.000Z
V/CurrentReads( 1843): [628]    2016-06-01T01:28:53.000Z
V/CurrentReads( 1843): [629]    2016-06-01T01:28:53.000Z
V/CurrentReads( 1843): [630]    2016-06-01T01:28:53.000Z
V/CurrentReads( 1843): [631]    2016-06-01T01:28:53.000Z
V/CurrentReads( 1843): [632]    2016-06-01T01:28:53.000Z
V/CurrentReads( 1843): [633]    2016-06-01T01:28:53.000Z
V/CurrentReads( 1843): [634]    2016-06-01T01:28:52.000Z
V/CurrentReads( 1843): [635]    2016-06-01T01:28:52.000Z
V/CurrentReads( 1843): [636]    2016-06-01T01:28:52.000Z
V/CurrentReads( 1843): [637]    2016-06-01T01:28:52.000Z
V/CurrentReads( 1843): [638]    2016-06-01T01:28:52.000Z
V/CurrentReads( 1843): [639]    2016-06-01T01:28:52.000Z
V/CurrentReads( 1843): [640]    2016-06-01T01:28:52.000Z
V/CurrentReads( 1843): [641]    2016-06-01T01:28:52.000Z
V/CurrentReads( 1843): [642]    2016-06-01T01:28:52.000Z
V/CurrentReads( 1843): [643]    2016-06-01T01:28:51.000Z
V/CurrentReads( 1843): [644]    2016-06-01T01:28:51.000Z
V/CurrentReads( 1843): [645]    2016-06-01T01:28:51.000Z
V/CurrentReads( 1843): [646]    2016-06-01T01:28:51.000Z
V/CurrentReads( 1843): [647]    2016-06-01T01:28:51.000Z
V/CurrentReads( 1843): [648]    2016-06-01T01:28:51.000Z
V/CurrentReads( 1843): [649]    2016-06-01T01:28:51.000Z
V/CurrentReads( 1843): [650]    2016-06-01T01:28:51.000Z
V/CurrentReads( 1843): [651]    2016-06-01T01:28:51.000Z
V/CurrentReads( 1843): [652]    2016-06-01T01:28:51.000Z
V/CurrentReads( 1843): [653]    2016-06-01T01:28:51.000Z
V/CurrentReads( 1843): [654]    2016-06-01T01:28:51.000Z
V/CurrentReads( 1843): [655]    2016-06-01T01:28:51.000Z
V/CurrentReads( 1843): [656]    2016-06-01T01:28:51.000Z
V/CurrentReads( 1843): [657]    2016-06-01T01:28:51.000Z
V/CurrentReads( 1843): [658]    2016-06-01T01:28:51.000Z
V/CurrentReads( 1843): [659]    2016-06-01T01:28:51.000Z
V/CurrentReads( 1843): [660]    2016-06-01T01:28:51.000Z
V/CurrentReads( 1843): [661]    2016-06-01T01:28:50.000Z
V/CurrentReads( 1843): [662]    2016-06-01T01:28:50.000Z
V/CurrentReads( 1843): [663]    2016-06-01T01:28:50.000Z
V/CurrentReads( 1843): [664]    2016-06-01T01:28:50.000Z
V/CurrentReads( 1843): [665]    2016-06-01T01:28:50.000Z
V/CurrentReads( 1843): [666]    2016-06-01T01:28:50.000Z
V/CurrentReads( 1843): [667]    2016-06-01T01:28:50.000Z
V/CurrentReads( 1843): [668]    2016-06-01T01:28:50.000Z
V/CurrentReads( 1843): [669]    2016-06-01T01:28:50.000Z
V/CurrentReads( 1843): [670]    2016-06-01T01:28:50.000Z
V/CurrentReads( 1843): [671]    2016-06-01T01:28:50.000Z
V/CurrentReads( 1843): [672]    2016-06-01T01:28:50.000Z
V/CurrentReads( 1843): [673]    2016-06-01T01:28:50.000Z
V/CurrentReads( 1843): [674]    2016-06-01T01:28:49.000Z
V/CurrentReads( 1843): [675]    2016-06-01T01:28:49.000Z
V/CurrentReads( 1843): [676]    2016-06-01T01:28:49.000Z
W/GA-SERVICE(  595): Thread[Thread-143,5,main]:  Using destination https://ssl.google-analytics.com/collect
V/CurrentReads( 1843): [677]    2016-06-01T01:28:49.000Z
V/CurrentReads( 1843): [678]    2016-06-01T01:28:49.000Z
V/CurrentReads( 1843): [679]    2016-06-01T01:28:48.000Z
V/CurrentReads( 1843): [680]    2016-06-01T01:28:48.000Z
V/CurrentReads( 1843): [681]    2016-06-01T01:28:48.000Z
V/CurrentReads( 1843): [682]    2016-06-01T01:28:48.000Z
V/CurrentReads( 1843): [683]    2016-06-01T01:28:48.000Z
V/CurrentReads( 1843): [684]    2016-06-01T01:28:47.000Z
V/CurrentReads( 1843): [685]    2016-06-01T01:28:47.000Z
V/CurrentReads( 1843): [686]    2016-06-01T01:28:47.000Z
V/CurrentReads( 1843): [687]    2016-06-01T01:28:47.000Z
V/CurrentReads( 1843): [688]    2016-06-01T01:28:47.000Z
V/CurrentReads( 1843): [689]    2016-06-01T01:28:47.000Z
W/GA-SERVICE(  595): Thread[Thread-143,5,main]:  Using destination https://ssl.google-analytics.com/collect
V/CurrentReads( 1843): [690]    2016-06-01T01:28:47.000Z
V/CurrentReads( 1843): [691]    2016-06-01T01:28:47.000Z
V/CurrentReads( 1843): [692]    2016-06-01T01:28:47.000Z
V/CurrentReads( 1843): [693]    2016-06-01T01:28:47.000Z
V/CurrentReads( 1843): [694]    2016-06-01T01:28:46.000Z
V/CurrentReads( 1843): [695]    2016-06-01T01:28:46.000Z
V/CurrentReads( 1843): [696]    2016-06-01T01:28:46.000Z
V/CurrentReads( 1843): [697]    2016-06-01T01:28:46.000Z
V/CurrentReads( 1843): [698]    2016-05-30T19:09:36.000Z
V/CurrentReads( 1843): [699]    2016-05-30T19:09:36.000Z
V/CurrentReads( 1843): [700]    2016-05-30T19:09:36.000Z
V/CurrentReads( 1843): [701]    2016-05-30T19:09:29.000Z
V/CurrentReads( 1843): [702]    2016-05-30T19:09:28.000Z
V/CurrentReads( 1843): [703]    2016-05-30T19:09:28.000Z
V/CurrentReads( 1843): [704]    2016-05-30T19:09:28.000Z
V/CurrentReads( 1843): [705]    2016-05-30T19:09:28.000Z
V/CurrentReads( 1843): [706]    2016-05-30T19:09:28.000Z
V/CurrentReads( 1843): [707]    2016-05-30T19:09:27.000Z
V/CurrentReads( 1843): [708]    2016-05-30T19:09:27.000Z
V/CurrentReads( 1843): [709]    2016-05-30T19:09:27.000Z
V/CurrentReads( 1843): [710]    2016-05-30T19:09:24.000Z
V/CurrentReads( 1843): [711]    2016-05-30T19:09:24.000Z
V/CurrentReads( 1843): [712]    2016-05-30T19:09:24.000Z
V/CurrentReads( 1843): [713]    2016-05-30T19:09:24.000Z
V/CurrentReads( 1843): [714]    2016-05-30T19:09:24.000Z
V/CurrentReads( 1843): [715]    2016-05-30T19:09:24.000Z
V/CurrentReads( 1843): [716]    2016-05-30T19:09:24.000Z
V/CurrentReads( 1843): [717]    2016-05-30T19:09:24.000Z
V/CurrentReads( 1843): [718]    2016-05-30T19:09:24.000Z
V/CurrentReads( 1843): [719]    2016-05-30T19:09:24.000Z
V/CurrentReads( 1843): [720]    2016-05-30T19:09:23.000Z
V/CurrentReads( 1843): [721]    2016-05-30T19:09:23.000Z
V/CurrentReads( 1843): [722]    2016-05-30T19:09:23.000Z
V/CurrentReads( 1843): [723]    2016-05-30T19:09:22.000Z
V/CurrentReads( 1843): [724]    2016-05-30T19:09:22.000Z
V/CurrentReads( 1843): [725]    2016-05-30T19:09:21.000Z
V/CurrentReads( 1843): [726]    2016-05-30T19:09:21.000Z
V/CurrentReads( 1843): [727]    2016-05-30T19:09:21.000Z
V/CurrentReads( 1843): [728]    2016-05-30T19:09:20.000Z
V/CurrentReads( 1843): [729]    2016-05-30T19:09:19.000Z
V/CurrentReads( 1843): [730]    2016-05-30T19:09:19.000Z
V/CurrentReads( 1843): [731]    2016-05-30T19:09:19.000Z
V/CurrentReads( 1843): [732]    2016-05-30T19:09:17.000Z
V/CurrentReads( 1843): [733]    2016-05-30T19:09:17.000Z
V/CurrentReads( 1843): [734]    2016-05-30T19:09:15.000Z
V/CurrentReads( 1843): [735]    2016-05-30T19:09:15.000Z
V/CurrentReads( 1843): [736]    2016-05-30T19:09:15.000Z
V/CurrentReads( 1843): [737]    2016-05-30T19:09:15.000Z
V/CurrentReads( 1843): [738]    2016-05-30T19:09:15.000Z
V/CurrentReads( 1843): [739]    2016-05-30T19:09:15.000Z
V/CurrentReads( 1843): [740]    2016-05-30T19:09:14.000Z
V/CurrentReads( 1843): [741]    2016-05-30T19:09:14.000Z
V/CurrentReads( 1843): [742]    2016-05-30T19:09:13.000Z
V/CurrentReads( 1843): [743]    2016-05-30T19:09:13.000Z
V/CurrentReads( 1843): [744]    2016-05-30T19:09:13.000Z
V/CurrentReads( 1843): [745]    2016-05-30T19:09:13.000Z
V/CurrentReads( 1843): [746]    2016-05-30T19:09:13.000Z
V/CurrentReads( 1843): [747]    2016-05-30T19:09:13.000Z
V/CurrentReads( 1843): [748]    2016-05-30T19:09:13.000Z
V/CurrentReads( 1843): [749]    2016-05-30T19:09:13.000Z
V/CurrentReads( 1843): [750]    2016-05-30T19:09:12.000Z
V/CurrentReads( 1843): [751]    2016-05-30T19:09:12.000Z
V/CurrentReads( 1843): [752]    2016-05-30T19:09:11.000Z
V/CurrentReads( 1843): [753]    2016-05-30T19:09:11.000Z
V/CurrentReads( 1843): [754]    2016-05-30T19:09:11.000Z
V/CurrentReads( 1843): [755]    2016-05-30T19:09:11.000Z
V/CurrentReads( 1843): [756]    2016-05-30T19:09:10.000Z
V/CurrentReads( 1843): [757]    2016-05-30T19:09:09.000Z
V/CurrentReads( 1843): [758]    2016-05-30T19:09:09.000Z
V/CurrentReads( 1843): [759]    2016-05-30T19:09:09.000Z
V/CurrentReads( 1843): [760]    2016-05-30T19:09:08.000Z
V/CurrentReads( 1843): [761]    2016-05-30T19:09:08.000Z
V/CurrentReads( 1843): [762]    2016-05-30T19:09:08.000Z
V/CurrentReads( 1843): [763]    2016-05-30T19:09:08.000Z
V/CurrentReads( 1843): [764]    2016-05-30T19:09:08.000Z
V/CurrentReads( 1843): [765]    2016-05-30T19:09:08.000Z
V/CurrentReads( 1843): [766]    2016-05-30T19:09:07.000Z
V/CurrentReads( 1843): [767]    2016-05-30T19:09:07.000Z
V/CurrentReads( 1843): [768]    2016-05-30T19:09:07.000Z
V/CurrentReads( 1843): [769]    2016-05-30T19:09:06.000Z
V/CurrentReads( 1843): [770]    2016-05-30T19:09:06.000Z
V/CurrentReads( 1843): [771]    2016-05-30T19:09:06.000Z
V/CurrentReads( 1843): [772]    2016-05-30T19:09:06.000Z
V/CurrentReads( 1843): [773]    2016-05-30T19:09:04.000Z
V/CurrentReads( 1843): [774]    2016-05-30T19:09:03.000Z
V/CurrentReads( 1843): [775]    2016-05-30T19:09:03.000Z
V/CurrentReads( 1843): [776]    2016-05-30T19:09:03.000Z
V/CurrentReads( 1843): [777]    2016-05-30T19:09:01.000Z
V/CurrentReads( 1843): [778]    2016-05-30T19:09:01.000Z
V/CurrentReads( 1843): [779]    2016-05-30T19:09:01.000Z
V/CurrentReads( 1843): [780]    2016-05-30T19:09:01.000Z
V/CurrentReads( 1843): [781]    2016-05-30T19:09:00.000Z
V/CurrentReads( 1843): [782]    2016-05-30T19:09:00.000Z
V/CurrentReads( 1843): [783]    2016-05-30T19:08:59.000Z
V/CurrentReads( 1843): [784]    2016-05-30T19:08:59.000Z
V/CurrentReads( 1843): [785]    2016-05-30T19:08:58.000Z
V/CurrentReads( 1843): [786]    2016-05-30T19:08:58.000Z
V/CurrentReads( 1843): [787]    2016-05-30T19:08:58.000Z
V/CurrentReads( 1843): [788]    2016-05-30T19:08:57.000Z
V/CurrentReads( 1843): [789]    2016-05-30T19:08:57.000Z
V/CurrentReads( 1843): [790]    2016-05-30T19:08:57.000Z
V/CurrentReads( 1843): [791]    2016-05-30T19:08:57.000Z
V/CurrentReads( 1843): [792]    2016-05-30T19:08:55.000Z
V/CurrentReads( 1843): [793]    2016-05-30T19:08:55.000Z
V/CurrentReads( 1843): [794]    2016-05-30T19:08:55.000Z
V/CurrentReads( 1843): [795]    2016-05-30T19:08:54.000Z
V/CurrentReads( 1843): [796]    2016-05-30T19:08:54.000Z
V/CurrentReads( 1843): [797]    2016-05-30T19:08:54.000Z
V/CurrentReads( 1843): [798]    2016-05-30T19:08:52.000Z
V/CurrentReads( 1843): [799]    2016-05-30T19:08:52.000Z
V/CurrentReads( 1843): [800]    2016-05-30T19:08:52.000Z
V/CurrentReads( 1843): [801]    2016-05-30T19:08:52.000Z
V/CurrentReads( 1843): [802]    2016-05-30T19:08:52.000Z
V/CurrentReads( 1843): [803]    2016-05-30T19:08:52.000Z
V/CurrentReads( 1843): [804]    2016-05-30T19:08:52.000Z
V/CurrentReads( 1843): [805]    2016-05-30T19:08:51.000Z
V/CurrentReads( 1843): [806]    2016-05-30T19:08:50.000Z
V/CurrentReads( 1843): [807]    2016-05-30T19:08:50.000Z
V/CurrentReads( 1843): [808]    2016-05-30T19:08:50.000Z
V/CurrentReads( 1843): [809]    2016-05-30T19:08:50.000Z
V/CurrentReads( 1843): [810]    2016-05-30T19:08:49.000Z
V/CurrentReads( 1843): [811]    2016-05-30T19:08:49.000Z
V/CurrentReads( 1843): [812]    2016-05-30T19:08:49.000Z
V/CurrentReads( 1843): [813]    2016-05-30T19:08:48.000Z
V/CurrentReads( 1843): [814]    2016-05-30T19:08:48.000Z
V/CurrentReads( 1843): [815]    2016-05-30T19:08:47.000Z
V/CurrentReads( 1843): [816]    2016-05-30T19:08:47.000Z
V/CurrentReads( 1843): [817]    2016-05-30T19:08:45.000Z
V/CurrentReads( 1843): [818]    2016-05-30T19:08:45.000Z
V/CurrentReads( 1843): [819]    2016-05-30T19:08:45.000Z
V/CurrentReads( 1843): [820]    2016-05-30T19:08:45.000Z
V/CurrentReads( 1843): [821]    2016-05-30T19:08:43.000Z
V/CurrentReads( 1843): [822]    2016-05-30T19:08:43.000Z
V/CurrentReads( 1843): [823]    2016-05-30T19:08:43.000Z
V/CurrentReads( 1843): [824]    2016-05-30T19:08:40.000Z
D/Genymotion(   58): Received Ping
V/CurrentReads( 1843): [825]    2016-05-30T19:08:39.000Z
V/CurrentReads( 1843): [826]    2016-05-30T19:08:39.000Z
V/CurrentReads( 1843): [827]    2016-05-30T19:08:39.000Z
V/CurrentReads( 1843): [828]    2016-05-30T19:08:37.000Z
V/CurrentReads( 1843): [829]    2016-05-30T19:08:37.000Z
V/CurrentReads( 1843): [830]    2016-05-30T19:08:37.000Z
V/CurrentReads( 1843): [831]    2016-05-30T19:08:37.000Z
V/CurrentReads( 1843): [832]    2016-05-30T19:08:34.000Z
V/CurrentReads( 1843): [833]    2016-05-30T19:08:34.000Z
V/CurrentReads( 1843): [834]    2016-05-30T19:08:33.000Z
V/CurrentReads( 1843): [835]    2016-05-30T19:08:33.000Z
V/CurrentReads( 1843): [836]    2016-05-30T19:08:32.000Z
V/CurrentReads( 1843): [837]    2016-05-30T19:08:32.000Z
V/CurrentReads( 1843): [838]    2016-05-30T19:08:29.000Z
V/CurrentReads( 1843): [839]    2016-05-30T19:08:29.000Z
V/CurrentReads( 1843): [840]    2016-05-30T19:08:29.000Z
V/CurrentReads( 1843): [841]    2016-05-30T19:08:26.000Z
V/CurrentReads( 1843): [842]    2016-05-30T19:08:26.000Z
V/CurrentReads( 1843): [843]    2016-05-30T19:08:24.000Z
V/CurrentReads( 1843): [844]    2016-05-30T19:08:24.000Z
V/CurrentReads( 1843): [845]    2016-05-30T19:08:24.000Z
D/END PARSE SAX( 1843): 1
D/com.kobobooks.android.readinglife.synching.GetUserAnnotationsRequest( 1843): request succeeded
V/CurrentReads( 1843): [846]    2016-05-30T19:08:24.000Z
V/CurrentReads( 1843): [847]    2016-05-30T19:08:20.000Z
V/CurrentReads( 1843): [848]    2016-05-30T19:08:20.000Z
V/CurrentReads( 1843): [849]    2016-05-30T19:08:20.000Z
V/CurrentReads( 1843): [850]    2016-05-30T19:08:14.000Z
V/CurrentReads( 1843): [851]    2016-05-30T19:08:14.000Z
V/CurrentReads( 1843): [852]    2016-05-30T19:08:14.000Z
V/CurrentReads( 1843): [853]    2016-05-30T19:08:11.000Z
V/CurrentReads( 1843): [854]    2016-05-30T19:08:11.000Z
V/CurrentReads( 1843): [855]    2016-05-30T19:08:11.000Z
V/CurrentReads( 1843): [---]
V/CurrentReads( 1843): [856]    2016-05-25T17:55:01.000Z
V/CurrentReads( 1843): [857]    2015-12-04T20:59:02.000Z
V/CurrentReads( 1843): } // End Date Last Read Times
D/CurrentReads( 1843): Active  current reads: 856
I/dalvikvm( 1843): Could not find method android.view.View.isAttachedToWindow, referenced from method com.kobobooks.android.ui.AnchoredPopup.canShow
W/dalvikvm( 1843): VFY: unable to resolve virtual method 19072: Landroid/view/View;.isAttachedToWindow ()Z
D/dalvikvm( 1843): VFY: replacing opcode 0x6e at 0x000a
D/FilterFteController( 1843): Frodo => [@Observable :: @InClass -> FilterFteController :: @Method -> anchorViewVisible(anchorView='android.view.View{52b55550 V.ED.... ......I. 0,0-0,0 #7f11049f app:id/anchor_view}')]
D/FilterFteController( 1843): Frodo => [@Observable#anchorViewVisible -> onSubscribe() :: @SubscribeOn -> main]
D/com.kobobooks.android.readinglife.synching.GetUserAnnotationsRequest( 1843): done handling request success
D/com.kobobooks.android.readinglife.synching.GetUserAchievementsRequest( 1843): sending request for user: b43d7e75-1061-4cf8-a5f9-42663655333f
I/SocialRequest( 1843): HTTP POST
I/SocialRequest( 1843): https://social.kobobooks.com/AchievementService/user/achievements/get/1.0
I/SocialRequest( 1843): Content-Type = application/xml
I/SocialRequest( 1843): Authorization = Bearer 1meZoF0mM4ko/uMQuBRiMO7Sw3xqfM1/u88nG7fu21xI6IHRPwRk8epgogzhxjFZK0GzhEquozBtn9shGcqdEHpbgllBghRQpm30l8H0hnKl+H4k/loiBXvagE9jrYJJn4p1mI3iM49xMP3uyCiyIqdvCkvrMpsor3eKLhG/xN2RmXG3vyd4BvJxIeYv9MINAkqpm/DDid4SzlEV7xrWa/DzVdZkq08y+2Z+1cAIg2LFzSOtNLABTFfBRJxpCrbruuejNc67nsZbdVyirfvHk8kRzbzl+8EEnVEJCfhlCW1kCFQ+9HU/bIdqMxgi7/MLQyPyLzLG94GCG9tC7KIMmpowSD/CpJVqItISpyUfeIBwwzpi31RzdhusH3DXT1v6SSmDuGlaSKety9XDmNmA35IxMttiTykGzlXsrHIsKm7QgQ2Qqd1nST36/y9xISGG8zE1Wj6FAtjYUkWNT7iS1qI9GxarKjq3eSPx0+MYXZeiMM1Mb1LkppVVC+fmd1/V0fFZX+LcVRvnmfUwywACsMhT1ywlaXnPNeu7XIrVVt7ITqPqq
I/SocialRequest( 1843): <?xml version="1.0" encoding="UTF-8"?><GetUserAchievementsRequest xmlns="http://kobobooks.com" xmlns:xsi="http://www.w3.org/2001/XMLSchema-instance"><SecurityHeader><UserId>b43d7e75-1061-4cf8-a5f9-42663655333f</UserId><Date>2016-07-08T18:29:44.596Z</Date></SecurityHeader><RequestBody></RequestBody></GetUserAchievementsRequest>
D/SECURE API5 URL( 1843): https://services.kobobooks.com
W/GA-SERVICE(  595): Thread[Thread-143,5,main]:  Using destination https://ssl.google-analytics.com/collect
D/dalvikvm( 1843): GC_EXPLICIT freed 5597K, 19% free 33891K/41744K, paused 18ms+20ms, total 104ms
D/CurrentReads( 1843): New cut-off time: 2016-07-08T14:48:25.000Z
D/CurrentReads( 1843): -----------------------
D/CurrentReads( 1843): Possible current reads: 1, limit: 3, decayTime: 2016-05-27T18:29:45.286Z, first decay position: 1 (zero-based)
V/CurrentReads( 1843): Date Last Read Times: {
V/CurrentReads( 1843): [000]    2016-07-07T19:25:30.000Z
V/CurrentReads( 1843): } // End Date Last Read Times
D/CurrentReads( 1843): Active  current reads: 1
D/CurrentReads( 1843): Decayed current reads: 0
D/CurrentReads( 1843): Old cut-off time: 2016-07-08T14:48:25.000Z
D/CurrentReads( 1843): New cut-off time: 2016-07-07T19:25:30.000Z
D/CurrentReads( 1843): -----------------------
D/CurrentReads( 1843): Possible current reads: 1, limit: 3, decayTime: 2016-05-27T18:29:45.810Z, first decay position: 1 (zero-based)
V/CurrentReads( 1843): Date Last Read Times: {
V/CurrentReads( 1843): [000]    2016-07-07T19:25:30.000Z
V/CurrentReads( 1843): } // End Date Last Read Times
D/CurrentReads( 1843): Active  current reads: 1
D/CurrentReads( 1843): Decayed current reads: 0
D/CurrentReads( 1843): Old cut-off time: 2016-07-07T19:25:30.000Z
D/CurrentReads( 1843): New cut-off time: 2016-07-07T19:25:30.000Z
D/CurrentReads( 1843): -----------------------
D/Genymotion(   58): Received Ping
D/END PARSE SAX( 1843): 856
D/com.kobobooks.android.readinglife.synching.GetUserAchievementsRequest( 1843): request succeeded
D/com.kobobooks.android.readinglife.synching.GetUserAchievementsRequest( 1843): done handling request success
D/com.kobobooks.android.readinglife.synching.EventSubmissionRequest( 1843): sending request for user: b43d7e75-1061-4cf8-a5f9-42663655333f
I/SocialRequest( 1843): HTTP POST
I/SocialRequest( 1843): https://social.kobobooks.com/EventService/events/submit/1.0
I/SocialRequest( 1843): Content-Type = application/xml
I/SocialRequest( 1843): Authorization = Bearer 1meZoF0mM4ko/uMQuBRiMO7Sw3xqfM1/u88nG7fu21xI6IHRPwRk8epgogzhxjFZK0GzhEquozBtn9shGcqdEHpbgllBghRQpm30l8H0hnKl+H4k/loiBXvagE9jrYJJn4p1mI3iM49xMP3uyCiyIqdvCkvrMpsor3eKLhG/xN2RmXG3vyd4BvJxIeYv9MINAkqpm/DDid4SzlEV7xrWa/DzVdZkq08y+2Z+1cAIg2LFzSOtNLABTFfBRJxpCrbruuejNc67nsZbdVyirfvHk8kRzbzl+8EEnVEJCfhlCW1kCFQ+9HU/bIdqMxgi7/MLQyPyLzLG94GCG9tC7KIMmpowSD/CpJVqItISpyUfeIBwwzpi31RzdhusH3DXT1v6SSmDuGlaSKety9XDmNmA35IxMttiTykGzlXsrHIsKm7QgQ2Qqd1nST36/y9xISGG8zE1Wj6FAtjYUkWNT7iS1qI9GxarKjq3eSPx0+MYXZeiMM1Mb1LkppVVC+fmd1/V0fFZX+LcVRvnmfUwywACsMhT1ywlaXnPNeu7XIrVVt7ITqPqq
I/SocialRequest( 1843): <?xml version="1.0" encoding="UTF-8"?><EventSubmissionRequest xmlns:xsi="http://www.w3.org/2001/XMLSchema-instance" xmlns:xsd="http://www.w3.org/2001/XMLSchema" xmlns="http://kobobooks.com"><SecurityHeader><UserId>b43d7e75-1061-4cf8-a5f9-42663655333f</UserId><Date>2016-07-08T18:29:46.999Z</Date></SecurityHeader><RequestHeader><UserPlatformInfo><UserKey>06f1a920-731e-4c94-8e18-7e67e90939a5</UserKey><AffiliateId>Kobo</AffiliateId><PlatformId>00000000-0000-0000-0000-000000004000</PlatformId><ApplicationVersion>6.6.16008</ApplicationVersion></UserPlatformInfo></RequestHeader><RequestBody><Events><Event><EventId>4</EventId><Parameters><Parameter 
I/SocialRequest( 1843): Name="FirstOccurrence">2016-07-08T18:29:41.007Z</Parameter><Parameter Name="LastOccurrence">2016-07-08T18:29:41.007Z</Parameter><Parameter Name="Count">1</Parameter><Parameter Name="ContentId">a9180dd5-adde-4c40-a0a0-bbe0d59eb508</Parameter><Parameter Name="ContentType">99</Parameter></Parameters><ShareToFacebook>false</ShareToFacebook></Event><Event><EventId>4</EventId><Parameters><Parameter Name="FirstOccurrence">2016-07-08T18:29:40.968Z</Parameter><Parameter Name="LastOccurrence">2016-07-08T18:29:40.968Z</Parameter><Parameter Name="Count">1</Parameter><Parameter Name="ContentId">1946d54f-f8c9-4dfc-9dae-125775725b47</Parameter><Parameter Name="ContentType">6</Parameter></Parameters><ShareToFacebook>false</ShareToFacebook></Event><Event><EventId>4</EventId><Parameters><Parameter Name="FirstOccurrence">2016-07-08T18:29:40.924Z</Parameter><Parameter Name="LastOccurrence">2016-07-08T18:29:40.924Z</Parameter><Parameter 
I/SocialRequest( 1843): Name="Count">1</Parameter><Parameter Name="ContentId">fbe4e204-ba9d-49d3-9801-dcb0830c7dc6</Parameter><Parameter Name="ContentType">6</Parameter></Parameters><ShareToFacebook>false</ShareToFacebook></Event></Events></RequestBody></EventSubmissionRequest>
D/END PARSE SAX( 1843): 0
I/ResponseReader( 1843): <?xml version="1.0" encoding="utf-8"?><EventSubmissionResponse xmlns="http://kobobooks.com" xmlns:xsd="http://www.w3.org/2001/XMLSchema" xmlns:xsi="http://www.w3.org/2001/XMLSchema-instance"><ErrorList><Error><ErrorCode>106</ErrorCode><ErrorMessage>InvalidContentType</ErrorMessage></Error></ErrorList></EventSubmissionResponse>
E/ResponseReader( 1843): Errors in the response: 106 
D/com.kobobooks.android.readinglife.synching.GetCountableStatsRequest( 1843): sending request for user: b43d7e75-1061-4cf8-a5f9-42663655333f
I/SocialRequest( 1843): HTTP POST
I/SocialRequest( 1843): https://social.kobobooks.com/StatService/stats/count/1.0
I/SocialRequest( 1843): Content-Type = application/xml
I/SocialRequest( 1843): Authorization = Bearer 1meZoF0mM4ko/uMQuBRiMO7Sw3xqfM1/u88nG7fu21xI6IHRPwRk8epgogzhxjFZK0GzhEquozBtn9shGcqdEHpbgllBghRQpm30l8H0hnKl+H4k/loiBXvagE9jrYJJn4p1mI3iM49xMP3uyCiyIqdvCkvrMpsor3eKLhG/xN2RmXG3vyd4BvJxIeYv9MINAkqpm/DDid4SzlEV7xrWa/DzVdZkq08y+2Z+1cAIg2LFzSOtNLABTFfBRJxpCrbruuejNc67nsZbdVyirfvHk8kRzbzl+8EEnVEJCfhlCW1kCFQ+9HU/bIdqMxgi7/MLQyPyLzLG94GCG9tC7KIMmpowSD/CpJVqItISpyUfeIBwwzpi31RzdhusH3DXT1v6SSmDuGlaSKety9XDmNmA35IxMttiTykGzlXsrHIsKm7QgQ2Qqd1nST36/y9xISGG8zE1Wj6FAtjYUkWNT7iS1qI9GxarKjq3eSPx0+MYXZeiMM1Mb1LkppVVC+fmd1/V0fFZX+LcVRvnmfUwywACsMhT1ywlaXnPNeu7XIrVVt7ITqPqq
I/SocialRequest( 1843): <?xml version="1.0" encoding="UTF-8"?><GetCountableStatsRequest xmlns:xsi="http://www.w3.org/2001/XMLSchema-instance" xmlns:xsd="http://www.w3.org/2001/XMLSchema" xmlns="http://kobobooks.com"><SecurityHeader><UserId>b43d7e75-1061-4cf8-a5f9-42663655333f</UserId><Date>2016-07-08T18:29:47.167Z</Date></SecurityHeader><RequestHeader><PlatformId>00000000-0000-0000-0000-000000004000</PlatformId><ApplicationVersion>6.6.16008</ApplicationVersion></RequestHeader></GetCountableStatsRequest>
D/dalvikvm( 1843): GC_FOR_ALLOC freed 9534K, 24% free 32359K/42044K, paused 34ms, total 36ms
I/dalvikvm-heap( 1843): Grow heap (frag case) to 31.988MB for 318300-byte allocation
D/dalvikvm( 1843): GC_FOR_ALLOC freed 42K, 23% free 32627K/42356K, paused 24ms, total 24ms
E/dalvikvm( 1843): JIT code cache full
D/dalvikvm( 1843): GC_FOR_ALLOC freed 1036K, 25% free 31852K/42356K, paused 23ms, total 23ms
I/dalvikvm-heap( 1843): Grow heap (frag case) to 31.509MB for 334716-byte allocation
D/dalvikvm( 1843): JIT code cache reset in 0 ms (523128 bytes 3/0)
D/dalvikvm( 1843): GC_FOR_ALLOC freed 57K, 25% free 32122K/42684K, paused 27ms, total 27ms
D/END PARSE SAX( 1843): 69
D/com.kobobooks.android.readinglife.synching.GetCountableStatsRequest( 1843): request succeeded
D/dalvikvm( 1843): GC_FOR_ALLOC freed 189K, 25% free 32090K/42684K, paused 19ms, total 19ms
I/dalvikvm-heap( 1843): Grow heap (frag case) to 31.723MB for 316476-byte allocation
D/dalvikvm( 1843): GC_FOR_ALLOC freed 23K, 25% free 32375K/42996K, paused 21ms, total 21ms
D/com.kobobooks.android.readinglife.synching.GetCountableStatsRequest( 1843): done handling request success
D/com.kobobooks.android.readinglife.synching.GetContentStatsRequest( 1843): sending request for user: b43d7e75-1061-4cf8-a5f9-42663655333f
I/SocialRequest( 1843): HTTP POST
I/SocialRequest( 1843): https://social.kobobooks.com/StatService/stats/content/1.0
I/SocialRequest( 1843): Content-Type = application/xml
I/SocialRequest( 1843): Authorization = Bearer 1meZoF0mM4ko/uMQuBRiMO7Sw3xqfM1/u88nG7fu21xI6IHRPwRk8epgogzhxjFZK0GzhEquozBtn9shGcqdEHpbgllBghRQpm30l8H0hnKl+H4k/loiBXvagE9jrYJJn4p1mI3iM49xMP3uyCiyIqdvCkvrMpsor3eKLhG/xN2RmXG3vyd4BvJxIeYv9MINAkqpm/DDid4SzlEV7xrWa/DzVdZkq08y+2Z+1cAIg2LFzSOtNLABTFfBRJxpCrbruuejNc67nsZbdVyirfvHk8kRzbzl+8EEnVEJCfhlCW1kCFQ+9HU/bIdqMxgi7/MLQyPyLzLG94GCG9tC7KIMmpowSD/CpJVqItISpyUfeIBwwzpi31RzdhusH3DXT1v6SSmDuGlaSKety9XDmNmA35IxMttiTykGzlXsrHIsKm7QgQ2Qqd1nST36/y9xISGG8zE1Wj6FAtjYUkWNT7iS1qI9GxarKjq3eSPx0+MYXZeiMM1Mb1LkppVVC+fmd1/V0fFZX+LcVRvnmfUwywACsMhT1ywlaXnPNeu7XIrVVt7ITqPqq
I/SocialRequest( 1843): <?xml version="1.0" encoding="UTF-8"?><GetContentStatsRequest xmlns:xsi="http://www.w3.org/2001/XMLSchema-instance" xmlns:xsd="http://www.w3.org/2001/XMLSchema" xmlns="http://kobobooks.com"><SecurityHeader><UserId>b43d7e75-1061-4cf8-a5f9-42663655333f</UserId><Date>2016-07-08T18:29:47.595Z</Date></SecurityHeader></GetContentStatsRequest>
D/dalvikvm( 1843): GC_FOR_ALLOC freed 213K, 25% free 32405K/42996K, paused 18ms, total 19ms
I/dalvikvm-heap( 1843): Grow heap (frag case) to 32.029MB for 313740-byte allocation
D/dalvikvm( 1843): GC_FOR_ALLOC freed 42K, 25% free 32669K/43304K, paused 16ms, total 16ms
D/dalvikvm( 1843): GC_FOR_ALLOC freed 213K, 25% free 32686K/43304K, paused 22ms, total 28ms
I/dalvikvm-heap( 1843): Grow heap (frag case) to 32.310MB for 321036-byte allocation
D/dalvikvm( 1843): GC_FOR_ALLOC freed 79K, 25% free 32920K/43620K, paused 22ms, total 22ms
D/dalvikvm( 1843): GC_FOR_ALLOC freed 206K, 25% free 32946K/43620K, paused 19ms, total 20ms
I/dalvikvm-heap( 1843): Grow heap (frag case) to 32.559MB for 316476-byte allocation
D/dalvikvm( 1843): GC_FOR_ALLOC freed 11K, 25% free 33243K/43932K, paused 18ms, total 18ms
D/dalvikvm( 1308): GC_CONCURRENT freed 472K, 39% free 9467K/15272K, paused 0ms+0ms, total 3ms
D/END PARSE SAX( 1843): 1
D/com.kobobooks.android.readinglife.synching.GetContentStatsRequest( 1843): request succeeded
D/com.kobobooks.android.readinglife.synching.GetContentStatsRequest( 1843): done handling request success
D/Finsky  ( 1308): [1] 5.onFinished: Installation state replication succeeded.
D/dalvikvm( 1843): GC_FOR_ALLOC freed 534K, 25% free 33376K/43932K, paused 20ms, total 22ms
I/dalvikvm-heap( 1843): Grow heap (frag case) to 33.732MB for 1104996-byte allocation
D/dalvikvm( 1843): GC_FOR_ALLOC freed 24K, 24% free 34431K/45012K, paused 25ms, total 25ms
D/unzip   ( 1843): Unzipping:/storage/emulated/0/Android/data/com.kobobooks.android/files/packages/dictionary/en/dictionary.zip to:/storage/emulated/0/Android/data/com.kobobooks.android/files/packages/dictionary/en/
D/Genymotion(   58): Received Ping
D/dalvikvm( 1843): GC_FOR_ALLOC freed 3351K, 24% free 34623K/45012K, paused 20ms, total 20ms
D